Component: ARM Compiler 5.06 update 1 (build 61) Tool: armlink [4d35a8]

==============================================================================

Section Cross References

    startup_stm32f103xe.o(RESET) refers to startup_stm32f103xe.o(STACK) for __initial_sp
    startup_stm32f103xe.o(RESET) refers to startup_stm32f103xe.o(.text) for Reset_Handler
    startup_stm32f103xe.o(RESET) refers to stm32f1xx_it.o(i.NMI_Handler) for NMI_Handler
    startup_stm32f103xe.o(RESET) refers to stm32f1xx_it.o(i.HardFault_Handler) for HardFault_Handler
    startup_stm32f103xe.o(RESET) refers to stm32f1xx_it.o(i.MemManage_Handler) for MemManage_Handler
    startup_stm32f103xe.o(RESET) refers to stm32f1xx_it.o(i.BusFault_Handler) for BusFault_Handler
    startup_stm32f103xe.o(RESET) refers to stm32f1xx_it.o(i.UsageFault_Handler) for UsageFault_Handler
    startup_stm32f103xe.o(RESET) refers to stm32f1xx_it.o(i.DebugMon_Handler) for DebugMon_Handler
    startup_stm32f103xe.o(RESET) refers to stm32f1xx_it.o(i.SysTick_Handler) for SysTick_Handler
    startup_stm32f103xe.o(RESET) refers to stm32f1xx_it.o(i.TIM2_IRQHandler) for TIM2_IRQHandler
    startup_stm32f103xe.o(RESET) refers to stm32f1xx_it.o(i.USART1_IRQHandler) for USART1_IRQHandler
    startup_stm32f103xe.o(.text) refers to system_stm32f1xx.o(i.SystemInit) for SystemInit
    startup_stm32f103xe.o(.text) refers to entry.o(.ARM.Collect$$$$00000000) for __main
    stm32f1xx_it.o(i.SysTick_Handler) refers to stm32f1xx_hal.o(i.HAL_IncTick) for HAL_IncTick
    stm32f1xx_it.o(i.SysTick_Handler) refers to stm32f1xx_hal_cortex.o(i.HAL_SYSTICK_IRQHandler) for HAL_SYSTICK_IRQHandler
    stm32f1xx_it.o(i.TIM2_IRQHandler) refers to stm32f1xx_hal_tim.o(i.HAL_TIM_IRQHandler) for HAL_TIM_IRQHandler
    stm32f1xx_it.o(i.TIM2_IRQHandler) refers to main.o(.bss) for htim2
    stm32f1xx_it.o(i.USART1_IRQHandler) refers to stm32f1xx_hal_uart.o(i.HAL_UART_IRQHandler) for HAL_UART_IRQHandler
    stm32f1xx_it.o(i.USART1_IRQHandler) refers to main.o(.bss) for huart1
    main.o(i.HAL_TIM_PeriodElapsedCallback) refers to main.o(.bss) for .bss
    main.o(i.HAL_TIM_PeriodElapsedCallback) refers to main.o(.data) for .data
    main.o(i.HAL_UART_RxCpltCallback) refers to stm32f1xx_hal_uart.o(i.HAL_UART_Receive_IT) for HAL_UART_Receive_IT
    main.o(i.HAL_UART_RxCpltCallback) refers to main.o(.bss) for .bss
    main.o(i.HAL_UART_RxCpltCallback) refers to main.o(.data) for .data
    main.o(i.MX_GPIO_Init) refers to stm32f1xx_hal_gpio.o(i.HAL_GPIO_WritePin) for HAL_GPIO_WritePin
    main.o(i.MX_GPIO_Init) refers to stm32f1xx_hal_gpio.o(i.HAL_GPIO_Init) for HAL_GPIO_Init
    main.o(i.MX_SPI2_Init) refers to stm32f1xx_hal_spi_ex.o(i.HAL_SPI_Init) for HAL_SPI_Init
    main.o(i.MX_SPI2_Init) refers to main.o(.bss) for .bss
    main.o(i.ReadLongFile) refers to ff.o(i.f_lseek) for f_lseek
    main.o(i.ReadLongFile) refers to ff.o(i.f_read) for f_read
    main.o(i.ReadLongFile) refers to main.o(.bss) for .bss
    main.o(i.ReadLongFile) refers to main.o(.data) for .data
    main.o(i.Read_SDcard) refers to ff.o(i.f_mount) for f_mount
    main.o(i.Read_SDcard) refers to ff.o(i.f_open) for f_open
    main.o(i.Read_SDcard) refers to ff.o(i.f_read) for f_read
    main.o(i.Read_SDcard) refers to ff.o(i.f_close) for f_close
    main.o(i.Read_SDcard) refers to fatfs.o(.data) for USER_Path
    main.o(i.Read_SDcard) refers to main.o(.bss) for .bss
    main.o(i.Read_SDcard) refers to main.o(.data) for .data
    main.o(i.SystemClock_Config) refers to stm32f1xx_hal_rcc.o(i.HAL_RCC_OscConfig) for HAL_RCC_OscConfig
    main.o(i.SystemClock_Config) refers to stm32f1xx_hal_rcc.o(i.HAL_RCC_ClockConfig) for HAL_RCC_ClockConfig
    main.o(i.SystemClock_Config) refers to stm32f1xx_hal_rcc.o(i.HAL_RCC_GetHCLKFreq) for HAL_RCC_GetHCLKFreq
    main.o(i.SystemClock_Config) refers to stm32f1xx_hal_cortex.o(i.HAL_SYSTICK_Config) for HAL_SYSTICK_Config
    main.o(i.SystemClock_Config) refers to stm32f1xx_hal_cortex.o(i.HAL_SYSTICK_CLKSourceConfig) for HAL_SYSTICK_CLKSourceConfig
    main.o(i.SystemClock_Config) refers to stm32f1xx_hal_cortex.o(i.HAL_NVIC_SetPriority) for HAL_NVIC_SetPriority
    main.o(i.Write) refers to ff.o(i.f_open) for f_open
    main.o(i.Write) refers to ff.o(i.f_lseek) for f_lseek
    main.o(i.Write) refers to ff.o(i.f_printf) for f_printf
    main.o(i.Write) refers to ff.o(i.f_close) for f_close
    main.o(i.Write) refers to main.o(.bss) for .bss
    main.o(i.Write) refers to main.o(.data) for .data
    main.o(i.Write_SDcard) refers to ff.o(i.f_mount) for f_mount
    main.o(i.Write_SDcard) refers to ff.o(i.f_open) for f_open
    main.o(i.Write_SDcard) refers to ff.o(i.f_lseek) for f_lseek
    main.o(i.Write_SDcard) refers to ff.o(i.f_printf) for f_printf
    main.o(i.Write_SDcard) refers to ff.o(i.f_close) for f_close
    main.o(i.Write_SDcard) refers to fatfs.o(.data) for USER_Path
    main.o(i.Write_SDcard) refers to main.o(.bss) for .bss
    main.o(i.Write_SDcard) refers to main.o(.data) for .data
[...]
    Removing stm32f1xx_hal_uart.o(i.HAL_MultiProcessor_ExitMuteMode), (44 bytes).
    Removing stm32f1xx_hal_uart.o(i.HAL_MultiProcessor_Init), (126 bytes).
    Removing stm32f1xx_hal_uart.o(i.HAL_UART_DMAPause), (90 bytes).
    Removing stm32f1xx_hal_uart.o(i.HAL_UART_DMAResume), (104 bytes).
    Removing stm32f1xx_hal_uart.o(i.HAL_UART_DMAStop), (40 bytes).
    Removing stm32f1xx_hal_uart.o(i.HAL_UART_DeInit), (60 bytes).
    Removing stm32f1xx_hal_uart.o(i.HAL_UART_GetError), (4 bytes).
    Removing stm32f1xx_hal_uart.o(i.HAL_UART_GetState), (6 bytes).
    Removing stm32f1xx_hal_uart.o(i.HAL_UART_MspDeInit), (2 bytes).
    Removing stm32f1xx_hal_uart.o(i.HAL_UART_MspInit), (2 bytes).
    Removing stm32f1xx_hal_uart.o(i.HAL_UART_Receive), (204 bytes).
    Removing stm32f1xx_hal_uart.o(i.HAL_UART_Receive_DMA), (136 bytes).
    Removing stm32f1xx_hal_uart.o(i.HAL_UART_RxCpltCallback), (2 bytes).
    Removing stm32f1xx_hal_uart.o(i.HAL_UART_RxHalfCpltCallback), (2 bytes).
    Removing stm32f1xx_hal_uart.o(i.HAL_UART_Transmit), (204 bytes).
    Removing stm32f1xx_hal_uart.o(i.HAL_UART_Transmit_DMA), (144 bytes).
    Removing stm32f1xx_hal_uart.o(i.HAL_UART_TxHalfCpltCallback), (2 bytes).
    Removing stm32f1xx_hal_uart.o(i.UART_DMAError), (30 bytes).
    Removing stm32f1xx_hal_uart.o(i.UART_DMAReceiveCplt), (54 bytes).
    Removing stm32f1xx_hal_uart.o(i.UART_DMARxHalfCplt), (10 bytes).
    Removing stm32f1xx_hal_uart.o(i.UART_DMATransmitCplt), (46 bytes).
    Removing stm32f1xx_hal_uart.o(i.UART_DMATxHalfCplt), (10 bytes).
    Removing stm32f1xx_hal_uart.o(i.UART_WaitOnFlagUntilTimeout), (146 bytes).
    Removing stm32f1xx_hal_gpio.o(.rev16_text), (4 bytes).
    Removing stm32f1xx_hal_gpio.o(.revsh_text), (4 bytes).
    Removing stm32f1xx_hal_gpio.o(.rrx_text), (6 bytes).
    Removing stm32f1xx_hal_gpio.o(i.HAL_GPIO_DeInit), (256 bytes).
    Removing stm32f1xx_hal_gpio.o(i.HAL_GPIO_EXTI_Callback), (2 bytes).
    Removing stm32f1xx_hal_gpio.o(i.HAL_GPIO_EXTI_IRQHandler), (24 bytes).
    Removing stm32f1xx_hal_gpio.o(i.HAL_GPIO_LockPin), (34 bytes).
    Removing stm32f1xx_hal_gpio.o(i.HAL_GPIO_ReadPin), (10 bytes).
    Removing stm32f1xx_hal_gpio.o(i.HAL_GPIO_TogglePin), (8 bytes).
    Removing stm32f1xx_hal_spi.o(.rev16_text), (4 bytes).
    Removing stm32f1xx_hal_spi.o(.revsh_text), (4 bytes).
    Removing stm32f1xx_hal_spi.o(.rrx_text), (6 bytes).
    Removing stm32f1xx_hal_spi.o(i.HAL_SPI_DMAPause), (48 bytes).
    Removing stm32f1xx_hal_spi.o(i.HAL_SPI_DMAResume), (48 bytes).
    Removing stm32f1xx_hal_spi.o(i.HAL_SPI_DMAStop), (50 bytes).
    Removing stm32f1xx_hal_spi.o(i.HAL_SPI_DeInit), (46 bytes).
    Removing stm32f1xx_hal_spi.o(i.HAL_SPI_ErrorCallback), (2 bytes).
    Removing stm32f1xx_hal_spi.o(i.HAL_SPI_GetError), (4 bytes).
    Removing stm32f1xx_hal_spi.o(i.HAL_SPI_GetState), (6 bytes).
    Removing stm32f1xx_hal_spi.o(i.HAL_SPI_IRQHandler), (176 bytes).
    Removing stm32f1xx_hal_spi.o(i.HAL_SPI_Init), (122 bytes).
    Removing stm32f1xx_hal_spi.o(i.HAL_SPI_MspDeInit), (2 bytes).
    Removing stm32f1xx_hal_spi.o(i.HAL_SPI_MspInit), (2 bytes).
    Removing stm32f1xx_hal_spi.o(i.HAL_SPI_Receive), (492 bytes).
    Removing stm32f1xx_hal_spi.o(i.HAL_SPI_Receive_DMA), (224 bytes).
    Removing stm32f1xx_hal_spi.o(i.HAL_SPI_Receive_IT), (180 bytes).
    Removing stm32f1xx_hal_spi.o(i.HAL_SPI_RxCpltCallback), (2 bytes).
    Removing stm32f1xx_hal_spi.o(i.HAL_SPI_RxHalfCpltCallback), (2 bytes).
    Removing stm32f1xx_hal_spi.o(i.HAL_SPI_Transmit), (326 bytes).
    Removing stm32f1xx_hal_spi.o(i.HAL_SPI_TransmitReceive_DMA), (272 bytes).
    Removing stm32f1xx_hal_spi.o(i.HAL_SPI_TransmitReceive_IT), (172 bytes).
    Removing stm32f1xx_hal_spi.o(i.HAL_SPI_Transmit_DMA), (192 bytes).
    Removing stm32f1xx_hal_spi.o(i.HAL_SPI_Transmit_IT), (164 bytes).
    Removing stm32f1xx_hal_spi.o(i.HAL_SPI_TxCpltCallback), (2 bytes).
    Removing stm32f1xx_hal_spi.o(i.HAL_SPI_TxHalfCpltCallback), (2 bytes).
    Removing stm32f1xx_hal_spi.o(i.HAL_SPI_TxRxCpltCallback), (2 bytes).
    Removing stm32f1xx_hal_spi.o(i.HAL_SPI_TxRxHalfCpltCallback), (2 bytes).
    Removing stm32f1xx_hal_spi.o(i.SPI_2LinesRxISR), (44 bytes).
    Removing stm32f1xx_hal_spi.o(i.SPI_DMAError), (30 bytes).
    Removing stm32f1xx_hal_spi.o(i.SPI_DMAHalfReceiveCplt), (10 bytes).
    Removing stm32f1xx_hal_spi.o(i.SPI_DMAHalfTransmitCplt), (10 bytes).
    Removing stm32f1xx_hal_spi.o(i.SPI_DMAHalfTransmitReceiveCplt), (10 bytes).
    Removing stm32f1xx_hal_spi.o(i.SPI_DMAReceiveCplt), (218 bytes).
    Removing stm32f1xx_hal_spi.o(i.SPI_DMATransmitCplt), (108 bytes).
    Removing stm32f1xx_hal_spi.o(i.SPI_DMATransmitReceiveCplt), (190 bytes).
    Removing stm32f1xx_hal_spi.o(i.SPI_ISCRCErrorValid), (4 bytes).
    Removing stm32f1xx_hal_spi.o(i.SPI_RxCloseIRQHandler), (246 bytes).
    Removing stm32f1xx_hal_spi.o(i.SPI_RxISR), (70 bytes).
    Removing stm32f1xx_hal_spi.o(i.SPI_TxCloseIRQHandler), (130 bytes).
    Removing stm32f1xx_hal_spi.o(i.SPI_TxISR), (66 bytes).
    Removing stm32f1xx_hal_cortex.o(.rev16_text), (4 bytes).
    Removing stm32f1xx_hal_cortex.o(.revsh_text), (4 bytes).
    Removing stm32f1xx_hal_cortex.o(.rrx_text), (6 bytes).
    Removing stm32f1xx_hal_cortex.o(i.HAL_NVIC_ClearPendingIRQ), (22 bytes).
    Removing stm32f1xx_hal_cortex.o(i.HAL_NVIC_DisableIRQ), (22 bytes).
    Removing stm32f1xx_hal_cortex.o(i.HAL_NVIC_GetActive), (32 bytes).
    Removing stm32f1xx_hal_cortex.o(i.HAL_NVIC_GetPendingIRQ), (32 bytes).
    Removing stm32f1xx_hal_cortex.o(i.HAL_NVIC_GetPriority), (82 bytes).
    Removing stm32f1xx_hal_cortex.o(i.HAL_NVIC_GetPriorityGrouping), (16 bytes).
    Removing stm32f1xx_hal_cortex.o(i.HAL_NVIC_SetPendingIRQ), (22 bytes).
    Removing stm32f1xx_hal_cortex.o(i.HAL_NVIC_SystemReset), (36 bytes).
    Removing stm32f1xx_hal_dma.o(.rev16_text), (4 bytes).
    Removing stm32f1xx_hal_dma.o(.revsh_text), (4 bytes).
    Removing stm32f1xx_hal_dma.o(.rrx_text), (6 bytes).
    Removing stm32f1xx_hal_dma.o(i.DMA_SetConfig), (30 bytes).
    Removing stm32f1xx_hal_dma.o(i.HAL_DMA_Abort), (86 bytes).
    Removing stm32f1xx_hal_dma.o(i.HAL_DMA_DeInit), (680 bytes).
    Removing stm32f1xx_hal_dma.o(i.HAL_DMA_GetError), (4 bytes).
    Removing stm32f1xx_hal_dma.o(i.HAL_DMA_GetState), (6 bytes).
    Removing stm32f1xx_hal_dma.o(i.HAL_DMA_IRQHandler), (1208 bytes).
    Removing stm32f1xx_hal_dma.o(i.HAL_DMA_Init), (80 bytes).
    Removing stm32f1xx_hal_dma.o(i.HAL_DMA_PollForTransfer), (1148 bytes).
    Removing stm32f1xx_hal_dma.o(i.HAL_DMA_Start), (58 bytes).
    Removing stm32f1xx_hal_dma.o(i.HAL_DMA_Start_IT), (88 bytes).
    Removing stm32f1xx_hal_flash_ex.o(.rev16_text), (4 bytes).
    Removing stm32f1xx_hal_flash_ex.o(.revsh_text), (4 bytes).
    Removing stm32f1xx_hal_flash_ex.o(.rrx_text), (6 bytes).
    Removing stm32f1xx_hal_flash_ex.o(i.FLASH_MassErase), (36 bytes).
    Removing stm32f1xx_hal_flash_ex.o(i.FLASH_OB_DisableWRP), (176 bytes).
    Removing stm32f1xx_hal_flash_ex.o(i.FLASH_OB_EnableWRP), (176 bytes).
    Removing stm32f1xx_hal_flash_ex.o(i.FLASH_OB_GetRDP), (24 bytes).
    Removing stm32f1xx_hal_flash_ex.o(i.FLASH_OB_RDP_LevelConfig), (100 bytes).
    Removing stm32f1xx_hal_flash_ex.o(i.FLASH_PageErase), (36 bytes).
    Removing stm32f1xx_hal_flash_ex.o(i.HAL_FLASHEx_Erase), (168 bytes).
    Removing stm32f1xx_hal_flash_ex.o(i.HAL_FLASHEx_Erase_IT), (84 bytes).
    Removing stm32f1xx_hal_flash_ex.o(i.HAL_FLASHEx_OBErase), (84 bytes).
    Removing stm32f1xx_hal_flash_ex.o(i.HAL_FLASHEx_OBGetConfig), (48 bytes).
    Removing stm32f1xx_hal_flash_ex.o(i.HAL_FLASHEx_OBGetUserData), (48 bytes).
    Removing stm32f1xx_hal_flash_ex.o(i.HAL_FLASHEx_OBProgram), (200 bytes).
    Removing stm32f1xx_hal_tim.o(.rev16_text), (4 bytes).
    Removing stm32f1xx_hal_tim.o(.revsh_text), (4 bytes).
    Removing stm32f1xx_hal_tim.o(.rrx_text), (6 bytes).
    Removing stm32f1xx_hal_tim.o(i.HAL_TIM_Base_DeInit), (56 bytes).
    Removing stm32f1xx_hal_tim.o(i.HAL_TIM_Base_GetState), (6 bytes).
    Removing stm32f1xx_hal_tim.o(i.HAL_TIM_Base_MspDeInit), (2 bytes).
    Removing stm32f1xx_hal_tim.o(i.HAL_TIM_Base_MspInit), (2 bytes).
    Removing stm32f1xx_hal_tim.o(i.HAL_TIM_Base_Start), (26 bytes).
    Removing stm32f1xx_hal_tim.o(i.HAL_TIM_Base_Start_DMA), (92 bytes).
    Removing stm32f1xx_hal_tim.o(i.HAL_TIM_Base_Stop), (44 bytes).
    Removing stm32f1xx_hal_tim.o(i.HAL_TIM_Base_Stop_DMA), (48 bytes).
    Removing stm32f1xx_hal_tim.o(i.HAL_TIM_Base_Stop_IT), (42 bytes).
    Removing stm32f1xx_hal_tim.o(i.HAL_TIM_ConfigOCrefClear), (194 bytes).
    Removing stm32f1xx_hal_tim.o(i.HAL_TIM_ConfigTI1Input), (16 bytes).
    Removing stm32f1xx_hal_tim.o(i.HAL_TIM_DMABurst_ReadStart), (260 bytes).
    Removing stm32f1xx_hal_tim.o(i.HAL_TIM_DMABurst_ReadStop), (96 bytes).
    Removing stm32f1xx_hal_tim.o(i.HAL_TIM_DMABurst_WriteStart), (260 bytes).
    Removing stm32f1xx_hal_tim.o(i.HAL_TIM_DMABurst_WriteStop), (96 bytes).
    Removing stm32f1xx_hal_tim.o(i.HAL_TIM_Encoder_DeInit), (56 bytes).
    Removing stm32f1xx_hal_tim.o(i.HAL_TIM_Encoder_GetState), (6 bytes).
    Removing stm32f1xx_hal_tim.o(i.HAL_TIM_Encoder_Init), (150 bytes).
    Removing stm32f1xx_hal_tim.o(i.HAL_TIM_Encoder_MspDeInit), (2 bytes).
    Removing stm32f1xx_hal_tim.o(i.HAL_TIM_Encoder_MspInit), (2 bytes).
    Removing stm32f1xx_hal_tim.o(i.HAL_TIM_Encoder_Start), (52 bytes).
    Removing stm32f1xx_hal_tim.o(i.HAL_TIM_Encoder_Start_DMA), (272 bytes).
    Removing stm32f1xx_hal_tim.o(i.HAL_TIM_Encoder_Start_IT), (92 bytes).
    Removing stm32f1xx_hal_tim.o(i.HAL_TIM_Encoder_Stop), (70 bytes).
    Removing stm32f1xx_hal_tim.o(i.HAL_TIM_Encoder_Stop_DMA), (116 bytes).
    Removing stm32f1xx_hal_tim.o(i.HAL_TIM_Encoder_Stop_IT), (116 bytes).
    Removing stm32f1xx_hal_tim.o(i.HAL_TIM_ErrorCallback), (2 bytes).
    Removing stm32f1xx_hal_tim.o(i.HAL_TIM_GenerateEvent), (38 bytes).
    Removing stm32f1xx_hal_tim.o(i.HAL_TIM_IC_ConfigChannel), (286 bytes).
    Removing stm32f1xx_hal_tim.o(i.HAL_TIM_IC_DeInit), (56 bytes).
    Removing stm32f1xx_hal_tim.o(i.HAL_TIM_IC_GetState), (6 bytes).
    Removing stm32f1xx_hal_tim.o(i.HAL_TIM_IC_Init), (54 bytes).
    Removing stm32f1xx_hal_tim.o(i.HAL_TIM_IC_MspDeInit), (2 bytes).
    Removing stm32f1xx_hal_tim.o(i.HAL_TIM_IC_MspInit), (2 bytes).
    Removing stm32f1xx_hal_tim.o(i.HAL_TIM_IC_Start), (26 bytes).
    Removing stm32f1xx_hal_tim.o(i.HAL_TIM_IC_Start_DMA), (200 bytes).
    Removing stm32f1xx_hal_tim.o(i.HAL_TIM_IC_Start_IT), (76 bytes).
    Removing stm32f1xx_hal_tim.o(i.HAL_TIM_IC_Stop), (44 bytes).
    Removing stm32f1xx_hal_tim.o(i.HAL_TIM_IC_Stop_DMA), (100 bytes).
    Removing stm32f1xx_hal_tim.o(i.HAL_TIM_IC_Stop_IT), (94 bytes).
    Removing stm32f1xx_hal_tim.o(i.HAL_TIM_OC_ConfigChannel), (86 bytes).
    Removing stm32f1xx_hal_tim.o(i.HAL_TIM_OC_DeInit), (56 bytes).
    Removing stm32f1xx_hal_tim.o(i.HAL_TIM_OC_GetState), (6 bytes).
    Removing stm32f1xx_hal_tim.o(i.HAL_TIM_OC_Init), (54 bytes).
    Removing stm32f1xx_hal_tim.o(i.HAL_TIM_OC_MspDeInit), (2 bytes).
    Removing stm32f1xx_hal_tim.o(i.HAL_TIM_OC_MspInit), (2 bytes).
    Removing stm32f1xx_hal_tim.o(i.HAL_TIM_OC_Start), (56 bytes).
    Removing stm32f1xx_hal_tim.o(i.HAL_TIM_OC_Start_DMA), (240 bytes).
    Removing stm32f1xx_hal_tim.o(i.HAL_TIM_OC_Start_IT), (108 bytes).
    Removing stm32f1xx_hal_tim.o(i.HAL_TIM_OC_Stop), (88 bytes).
    Removing stm32f1xx_hal_tim.o(i.HAL_TIM_OC_Stop_DMA), (144 bytes).
    Removing stm32f1xx_hal_tim.o(i.HAL_TIM_OC_Stop_IT), (136 bytes).
    Removing stm32f1xx_hal_tim.o(i.HAL_TIM_OnePulse_ConfigChannel), (218 bytes).
    Removing stm32f1xx_hal_tim.o(i.HAL_TIM_OnePulse_DeInit), (56 bytes).
    Removing stm32f1xx_hal_tim.o(i.HAL_TIM_OnePulse_GetState), (6 bytes).
    Removing stm32f1xx_hal_tim.o(i.HAL_TIM_OnePulse_Init), (74 bytes).
    Removing stm32f1xx_hal_tim.o(i.HAL_TIM_OnePulse_MspDeInit), (2 bytes).
    Removing stm32f1xx_hal_tim.o(i.HAL_TIM_OnePulse_MspInit), (2 bytes).
    Removing stm32f1xx_hal_tim.o(i.HAL_TIM_OnePulse_Start), (60 bytes).
    Removing stm32f1xx_hal_tim.o(i.HAL_TIM_OnePulse_Start_IT), (80 bytes).
    Removing stm32f1xx_hal_tim.o(i.HAL_TIM_OnePulse_Stop), (100 bytes).
    Removing stm32f1xx_hal_tim.o(i.HAL_TIM_OnePulse_Stop_IT), (120 bytes).
    Removing stm32f1xx_hal_tim.o(i.HAL_TIM_PWM_ConfigChannel), (208 bytes).
    Removing stm32f1xx_hal_tim.o(i.HAL_TIM_PWM_DeInit), (56 bytes).
    Removing stm32f1xx_hal_tim.o(i.HAL_TIM_PWM_GetState), (6 bytes).
    Removing stm32f1xx_hal_tim.o(i.HAL_TIM_PWM_Init), (54 bytes).
    Removing stm32f1xx_hal_tim.o(i.HAL_TIM_PWM_MspDeInit), (2 bytes).
    Removing stm32f1xx_hal_tim.o(i.HAL_TIM_PWM_MspInit), (2 bytes).
    Removing stm32f1xx_hal_tim.o(i.HAL_TIM_PWM_Start), (56 bytes).
    Removing stm32f1xx_hal_tim.o(i.HAL_TIM_PWM_Start_DMA), (240 bytes).
    Removing stm32f1xx_hal_tim.o(i.HAL_TIM_PWM_Start_IT), (108 bytes).
    Removing stm32f1xx_hal_tim.o(i.HAL_TIM_PWM_Stop), (92 bytes).
    Removing stm32f1xx_hal_tim.o(i.HAL_TIM_PWM_Stop_DMA), (144 bytes).
    Removing stm32f1xx_hal_tim.o(i.HAL_TIM_PWM_Stop_IT), (136 bytes).
    Removing stm32f1xx_hal_tim.o(i.HAL_TIM_PeriodElapsedCallback), (2 bytes).
    Removing stm32f1xx_hal_tim.o(i.HAL_TIM_ReadCapturedValue), (68 bytes).
    Removing stm32f1xx_hal_tim.o(i.HAL_TIM_SlaveConfigSynchronization), (66 bytes).
    Removing stm32f1xx_hal_tim.o(i.HAL_TIM_SlaveConfigSynchronization_IT), (66 bytes).
    Removing stm32f1xx_hal_tim.o(i.TIM_CCxChannelCmd), (22 bytes).
    Removing stm32f1xx_hal_tim.o(i.TIM_DMACaptureCplt), (62 bytes).
    Removing stm32f1xx_hal_tim.o(i.TIM_DMADelayPulseCplt), (62 bytes).
    Removing stm32f1xx_hal_tim.o(i.TIM_DMAError), (16 bytes).
    Removing stm32f1xx_hal_tim.o(i.TIM_DMAPeriodElapsedCplt), (16 bytes).
    Removing stm32f1xx_hal_tim.o(i.TIM_DMATriggerCplt), (16 bytes).
    Removing stm32f1xx_hal_tim.o(i.TIM_OC1_SetConfig), (96 bytes).
    Removing stm32f1xx_hal_tim.o(i.TIM_OC2_SetConfig), (108 bytes).
    Removing stm32f1xx_hal_tim.o(i.TIM_OC3_SetConfig), (104 bytes).
    Removing stm32f1xx_hal_tim.o(i.TIM_OC4_SetConfig), (80 bytes).
    Removing stm32f1xx_hal_tim.o(i.TIM_SlaveTimer_SetConfig), (124 bytes).
    Removing stm32f1xx_hal_tim.o(i.TIM_TI1_SetConfig), (108 bytes).
    Removing stm32f1xx_hal_tim.o(i.TIM_TI2_SetConfig), (54 bytes).
    Removing stm32f1xx_hal.o(.rev16_text), (4 bytes).
    Removing stm32f1xx_hal.o(.revsh_text), (4 bytes).
    Removing stm32f1xx_hal.o(.rrx_text), (6 bytes).
    Removing stm32f1xx_hal.o(i.HAL_DBGMCU_DisableDBGSleepMode), (16 bytes).
    Removing stm32f1xx_hal.o(i.HAL_DBGMCU_DisableDBGStandbyMode), (16 bytes).
    Removing stm32f1xx_hal.o(i.HAL_DBGMCU_DisableDBGStopMode), (16 bytes).
    Removing stm32f1xx_hal.o(i.HAL_DBGMCU_EnableDBGSleepMode), (16 bytes).
    Removing stm32f1xx_hal.o(i.HAL_DBGMCU_EnableDBGStandbyMode), (16 bytes).
    Removing stm32f1xx_hal.o(i.HAL_DBGMCU_EnableDBGStopMode), (16 bytes).
    Removing stm32f1xx_hal.o(i.HAL_DeInit), (32 bytes).
    Removing stm32f1xx_hal.o(i.HAL_GetDEVID), (16 bytes).
    Removing stm32f1xx_hal.o(i.HAL_GetHalVersion), (8 bytes).
    Removing stm32f1xx_hal.o(i.HAL_GetREVID), (28 bytes).
    Removing stm32f1xx_hal.o(i.HAL_MspDeInit), (2 bytes).
    Removing stm32f1xx_hal.o(i.HAL_MspInit), (2 bytes).
    Removing stm32f1xx_hal.o(i.HAL_ResumeTick), (14 bytes).
    Removing stm32f1xx_hal.o(i.HAL_SuspendTick), (14 bytes).
    Removing stm32f1xx_hal_rcc_ex.o(.rev16_text), (4 bytes).
    Removing stm32f1xx_hal_rcc_ex.o(.revsh_text), (4 bytes).
    Removing stm32f1xx_hal_rcc_ex.o(.rrx_text), (6 bytes).
    Removing stm32f1xx_hal_rcc_ex.o(i.HAL_RCCEx_GetPeriphCLKConfig), (52 bytes).
    Removing stm32f1xx_hal_rcc_ex.o(i.HAL_RCCEx_GetPeriphCLKFreq), (256 bytes).
    Removing stm32f1xx_hal_rcc_ex.o(i.HAL_RCCEx_PeriphCLKConfig), (296 bytes).
    Removing stm32f1xx_hal_rcc.o(.rev16_text), (4 bytes).
    Removing stm32f1xx_hal_rcc.o(.revsh_text), (4 bytes).
    Removing stm32f1xx_hal_rcc.o(.rrx_text), (6 bytes).
    Removing stm32f1xx_hal_rcc.o(i.HAL_RCC_CSSCallback), (2 bytes).
    Removing stm32f1xx_hal_rcc.o(i.HAL_RCC_DeInit), (68 bytes).
    Removing stm32f1xx_hal_rcc.o(i.HAL_RCC_DisableCSS), (28 bytes).
    Removing stm32f1xx_hal_rcc.o(i.HAL_RCC_EnableCSS), (24 bytes).
    Removing stm32f1xx_hal_rcc.o(i.HAL_RCC_GetClockConfig), (64 bytes).
    Removing stm32f1xx_hal_rcc.o(i.HAL_RCC_GetOscConfig), (156 bytes).
    Removing stm32f1xx_hal_rcc.o(i.HAL_RCC_MCOConfig), (72 bytes).
    Removing stm32f1xx_hal_rcc.o(i.HAL_RCC_NMI_IRQHandler), (24 bytes).
    Removing stm32f1xx_hal_pwr.o(.rev16_text), (4 bytes).
    Removing stm32f1xx_hal_pwr.o(.revsh_text), (4 bytes).
    Removing stm32f1xx_hal_pwr.o(.rrx_text), (6 bytes).
    Removing stm32f1xx_hal_pwr.o(i.HAL_PWR_ConfigPVD), (124 bytes).
    Removing stm32f1xx_hal_pwr.o(i.HAL_PWR_DeInit), (24 bytes).
    Removing stm32f1xx_hal_pwr.o(i.HAL_PWR_DisableBkUpAccess), (28 bytes).
    Removing stm32f1xx_hal_pwr.o(i.HAL_PWR_DisablePVD), (24 bytes).
    Removing stm32f1xx_hal_pwr.o(i.HAL_PWR_DisableSEVOnPend), (16 bytes).
    Removing stm32f1xx_hal_pwr.o(i.HAL_PWR_DisableSleepOnExit), (16 bytes).
    Removing stm32f1xx_hal_pwr.o(i.HAL_PWR_DisableWakeUpPin), (28 bytes).
    Removing stm32f1xx_hal_pwr.o(i.HAL_PWR_EnableBkUpAccess), (24 bytes).
    Removing stm32f1xx_hal_pwr.o(i.HAL_PWR_EnablePVD), (24 bytes).
    Removing stm32f1xx_hal_pwr.o(i.HAL_PWR_EnableSEVOnPend), (16 bytes).
    Removing stm32f1xx_hal_pwr.o(i.HAL_PWR_EnableSleepOnExit), (16 bytes).
    Removing stm32f1xx_hal_pwr.o(i.HAL_PWR_EnableWakeUpPin), (28 bytes).
    Removing stm32f1xx_hal_pwr.o(i.HAL_PWR_EnterSLEEPMode), (32 bytes).
    Removing stm32f1xx_hal_pwr.o(i.HAL_PWR_EnterSTANDBYMode), (32 bytes).
    Removing stm32f1xx_hal_pwr.o(i.HAL_PWR_EnterSTOPMode), (68 bytes).
    Removing stm32f1xx_hal_pwr.o(i.HAL_PWR_PVDCallback), (2 bytes).
    Removing stm32f1xx_hal_pwr.o(i.HAL_PWR_PVD_IRQHandler), (28 bytes).
    Removing stm32f1xx_hal_pwr.o(i.PWR_OverloadWfe), (6 bytes).
    Removing system_stm32f1xx.o(.rev16_text), (4 bytes).
    Removing system_stm32f1xx.o(.revsh_text), (4 bytes).
    Removing system_stm32f1xx.o(.rrx_text), (6 bytes).
    Removing system_stm32f1xx.o(i.SystemCoreClockUpdate), (104 bytes).
    Removing system_stm32f1xx.o(.constdata), (16 bytes).

417 unused section(s) (total 32867 bytes) removed from the image.

==============================================================================

Image Symbol Table

    Local Symbols

    Symbol Name                              Value     Ov Type        Size  Object(Section)

    ../Src/fatfs.c                           0x00000000   Number         0  fatfs.o ABSOLUTE
    ../Src/main.c                            0x00000000   Number         0  main.o ABSOLUTE
    ../Src/stm32f1xx_hal_msp.c               0x00000000   Number         0  stm32f1xx_hal_msp.o ABSOLUTE
    ../Src/stm32f1xx_it.c                    0x00000000   Number         0  stm32f1xx_it.o ABSOLUTE
    ../Src/user_diskio.c                     0x00000000   Number         0  user_diskio.o ABSOLUTE
    ../clib/microlib/init/entry.s            0x00000000   Number         0  entry8a.o ABSOLUTE
    ../clib/microlib/init/entry.s            0x00000000   Number         0  entry8b.o ABSOLUTE
    ../clib/microlib/init/entry.s            0x00000000   Number         0  entry11b.o ABSOLUTE
    ../clib/microlib/init/entry.s            0x00000000   Number         0  entry11a.o ABSOLUTE
    ../clib/microlib/init/entry.s            0x00000000   Number         0  entry9a.o ABSOLUTE
    ../clib/microlib/init/entry.s            0x00000000   Number         0  entry9b.o ABSOLUTE
    ../clib/microlib/init/entry.s            0x00000000   Number         0  entry.o ABSOLUTE
    ../clib/microlib/init/entry.s            0x00000000   Number         0  entry10a.o ABSOLUTE
    ../clib/microlib/init/entry.s            0x00000000   Number         0  entry5.o ABSOLUTE
    ../clib/microlib/init/entry.s            0x00000000   Number         0  entry2.o ABSOLUTE
    ../clib/microlib/init/entry.s            0x00000000   Number         0  entry7a.o ABSOLUTE
    ../clib/microlib/init/entry.s            0x00000000   Number         0  entry7b.o ABSOLUTE
    ../clib/microlib/init/entry.s            0x00000000   Number         0  entry10b.o ABSOLUTE
    ../clib/microlib/longlong.c              0x00000000   Number         0  llushr.o ABSOLUTE
    ..\Src\SD.c                              0x00000000   Number         0  sd.o ABSOLUTE
    ..\Src\fatfs.c                           0x00000000   Number         0  fatfs.o ABSOLUTE
    ..\Src\main.c                            0x00000000   Number         0  main.o ABSOLUTE
    ..\Src\stm32f1xx_hal_msp.c               0x00000000   Number         0  stm32f1xx_hal_msp.o ABSOLUTE
    ..\Src\stm32f1xx_it.c                    0x00000000   Number         0  stm32f1xx_it.o ABSOLUTE
    ..\Src\user_diskio.c                     0x00000000   Number         0  user_diskio.o ABSOLUTE
    ..\\Src\\SD.c                            0x00000000   Number         0  sd.o ABSOLUTE
    C:/Users/Admin/STM32Cube/Repository/STM32Cube_FW_F1_V1.3.0/Drivers/CMSIS/Device/ST/STM32F1xx/Source/Templates/system_stm32f1xx.c 0x00000000   Number         0  system_stm32f1xx.o ABSOLUTE
    C:/Users/Admin/STM32Cube/Repository/STM32Cube_FW_F1_V1.3.0/Drivers/STM32F1xx_HAL_Driver/Src/stm32f1xx_hal.c 0x00000000   Number         0  stm32f1xx_hal.o ABSOLUTE
    C:/Users/Admin/STM32Cube/Repository/STM32Cube_FW_F1_V1.3.0/Drivers/STM32F1xx_HAL_Driver/Src/stm32f1xx_hal_cortex.c 0x00000000   Number         0  stm32f1xx_hal_cortex.o ABSOLUTE
    C:/Users/Admin/STM32Cube/Repository/STM32Cube_FW_F1_V1.3.0/Drivers/STM32F1xx_HAL_Driver/Src/stm32f1xx_hal_dma.c 0x00000000   Number         0  stm32f1xx_hal_dma.o ABSOLUTE
    C:/Users/Admin/STM32Cube/Repository/STM32Cube_FW_F1_V1.3.0/Drivers/STM32F1xx_HAL_Driver/Src/stm32f1xx_hal_flash.c 0x00000000   Number         0  stm32f1xx_hal_flash.o ABSOLUTE
    C:/Users/Admin/STM32Cube/Repository/STM32Cube_FW_F1_V1.3.0/Drivers/STM32F1xx_HAL_Driver/Src/stm32f1xx_hal_flash_ex.c 0x00000000   Number         0  stm32f1xx_hal_flash_ex.o ABSOLUTE
    C:/Users/Admin/STM32Cube/Repository/STM32Cube_FW_F1_V1.3.0/Drivers/STM32F1xx_HAL_Driver/Src/stm32f1xx_hal_gpio.c 0x00000000   Number         0  stm32f1xx_hal_gpio.o ABSOLUTE
    C:/Users/Admin/STM32Cube/Repository/STM32Cube_FW_F1_V1.3.0/Drivers/STM32F1xx_HAL_Driver/Src/stm32f1xx_hal_pwr.c 0x00000000   Number         0  stm32f1xx_hal_pwr.o ABSOLUTE
    C:/Users/Admin/STM32Cube/Repository/STM32Cube_FW_F1_V1.3.0/Drivers/STM32F1xx_HAL_Driver/Src/stm32f1xx_hal_rcc.c 0x00000000   Number         0  stm32f1xx_hal_rcc.o ABSOLUTE
    C:/Users/Admin/STM32Cube/Repository/STM32Cube_FW_F1_V1.3.0/Drivers/STM32F1xx_HAL_Driver/Src/stm32f1xx_hal_rcc_ex.c 0x00000000   Number         0  stm32f1xx_hal_rcc_ex.o ABSOLUTE
    C:/Users/Admin/STM32Cube/Repository/STM32Cube_FW_F1_V1.3.0/Drivers/STM32F1xx_HAL_Driver/Src/stm32f1xx_hal_spi.c 0x00000000   Number         0  stm32f1xx_hal_spi.o ABSOLUTE
    C:/Users/Admin/STM32Cube/Repository/STM32Cube_FW_F1_V1.3.0/Drivers/STM32F1xx_HAL_Driver/Src/stm32f1xx_hal_spi_ex.c 0x00000000   Number         0  stm32f1xx_hal_spi_ex.o ABSOLUTE
    C:/Users/Admin/STM32Cube/Repository/STM32Cube_FW_F1_V1.3.0/Drivers/STM32F1xx_HAL_Driver/Src/stm32f1xx_hal_tim.c 0x00000000   Number         0  stm32f1xx_hal_tim.o ABSOLUTE
    C:/Users/Admin/STM32Cube/Repository/STM32Cube_FW_F1_V1.3.0/Drivers/STM32F1xx_HAL_Driver/Src/stm32f1xx_hal_tim_ex.c 0x00000000   Number         0  stm32f1xx_hal_tim_ex.o ABSOLUTE
    C:/Users/Admin/STM32Cube/Repository/STM32Cube_FW_F1_V1.3.0/Drivers/STM32F1xx_HAL_Driver/Src/stm32f1xx_hal_uart.c 0x00000000   Number         0  stm32f1xx_hal_uart.o ABSOLUTE
    C:/Users/Admin/STM32Cube/Repository/STM32Cube_FW_F1_V1.3.0/Middlewares/Third_Party/FatFs/src/diskio.c 0x00000000   Number         0  diskio.o ABSOLUTE
    C:/Users/Admin/STM32Cube/Repository/STM32Cube_FW_F1_V1.3.0/Middlewares/Third_Party/FatFs/src/ff.c 0x00000000   Number         0  ff.o ABSOLUTE
    C:/Users/Admin/STM32Cube/Repository/STM32Cube_FW_F1_V1.3.0/Middlewares/Third_Party/FatFs/src/ff_gen_drv.c 0x00000000   Number         0  ff_gen_drv.o ABSOLUTE
    C:/Users/Admin/STM32Cube/Repository/STM32Cube_FW_F1_V1.3.0/Middlewares/Third_Party/FatFs/src/option/ccsbcs.c 0x00000000   Number         0  ccsbcs.o ABSOLUTE
    C:/Users/Admin/STM32Cube/Repository/STM32Cube_FW_F1_V1.3.0/Middlewares/Third_Party/FatFs/src/option/syscall.c 0x00000000   Number         0  syscall.o ABSOLUTE
    C:\Users\Admin\STM32Cube\Repository\STM32Cube_FW_F1_V1.3.0\Drivers\CMSIS\Device\ST\STM32F1xx\Source\Templates\system_stm32f1xx.c 0x00000000   Number         0  system_stm32f1xx.o ABSOLUTE
    C:\Users\Admin\STM32Cube\Repository\STM32Cube_FW_F1_V1.3.0\Drivers\STM32F1xx_HAL_Driver\Src\stm32f1xx_hal.c 0x00000000   Number         0  stm32f1xx_hal.o ABSOLUTE
    C:\Users\Admin\STM32Cube\Repository\STM32Cube_FW_F1_V1.3.0\Drivers\STM32F1xx_HAL_Driver\Src\stm32f1xx_hal_cortex.c 0x00000000   Number         0  stm32f1xx_hal_cortex.o ABSOLUTE
    C:\Users\Admin\STM32Cube\Repository\STM32Cube_FW_F1_V1.3.0\Drivers\STM32F1xx_HAL_Driver\Src\stm32f1xx_hal_dma.c 0x00000000   Number         0  stm32f1xx_hal_dma.o ABSOLUTE
    C:\Users\Admin\STM32Cube\Repository\STM32Cube_FW_F1_V1.3.0\Drivers\STM32F1xx_HAL_Driver\Src\stm32f1xx_hal_flash.c 0x00000000   Number         0  stm32f1xx_hal_flash.o ABSOLUTE
    C:\Users\Admin\STM32Cube\Repository\STM32Cube_FW_F1_V1.3.0\Drivers\STM32F1xx_HAL_Driver\Src\stm32f1xx_hal_flash_ex.c 0x00000000   Number         0  stm32f1xx_hal_flash_ex.o ABSOLUTE
    C:\Users\Admin\STM32Cube\Repository\STM32Cube_FW_F1_V1.3.0\Drivers\STM32F1xx_HAL_Driver\Src\stm32f1xx_hal_gpio.c 0x00000000   Number         0  stm32f1xx_hal_gpio.o ABSOLUTE
    C:\Users\Admin\STM32Cube\Repository\STM32Cube_FW_F1_V1.3.0\Drivers\STM32F1xx_HAL_Driver\Src\stm32f1xx_hal_pwr.c 0x00000000   Number         0  stm32f1xx_hal_pwr.o ABSOLUTE
    C:\Users\Admin\STM32Cube\Repository\STM32Cube_FW_F1_V1.3.0\Drivers\STM32F1xx_HAL_Driver\Src\stm32f1xx_hal_rcc.c 0x00000000   Number         0  stm32f1xx_hal_rcc.o ABSOLUTE
    C:\Users\Admin\STM32Cube\Repository\STM32Cube_FW_F1_V1.3.0\Drivers\STM32F1xx_HAL_Driver\Src\stm32f1xx_hal_rcc_ex.c 0x00000000   Number         0  stm32f1xx_hal_rcc_ex.o ABSOLUTE
    C:\Users\Admin\STM32Cube\Repository\STM32Cube_FW_F1_V1.3.0\Drivers\STM32F1xx_HAL_Driver\Src\stm32f1xx_hal_spi.c 0x00000000   Number         0  stm32f1xx_hal_spi.o ABSOLUTE
    C:\Users\Admin\STM32Cube\Repository\STM32Cube_FW_F1_V1.3.0\Drivers\STM32F1xx_HAL_Driver\Src\stm32f1xx_hal_spi_ex.c 0x00000000   Number         0  stm32f1xx_hal_spi_ex.o ABSOLUTE
    C:\Users\Admin\STM32Cube\Repository\STM32Cube_FW_F1_V1.3.0\Drivers\STM32F1xx_HAL_Driver\Src\stm32f1xx_hal_tim.c 0x00000000   Number         0  stm32f1xx_hal_tim.o ABSOLUTE
    C:\Users\Admin\STM32Cube\Repository\STM32Cube_FW_F1_V1.3.0\Drivers\STM32F1xx_HAL_Driver\Src\stm32f1xx_hal_tim_ex.c 0x00000000   Number         0  stm32f1xx_hal_tim_ex.o ABSOLUTE
    C:\Users\Admin\STM32Cube\Repository\STM32Cube_FW_F1_V1.3.0\Drivers\STM32F1xx_HAL_Driver\Src\stm32f1xx_hal_uart.c 0x00000000   Number         0  stm32f1xx_hal_uart.o ABSOLUTE
    C:\Users\Admin\STM32Cube\Repository\STM32Cube_FW_F1_V1.3.0\Middlewares\Third_Party\FatFs\src\diskio.c 0x00000000   Number         0  diskio.o ABSOLUTE
    C:\Users\Admin\STM32Cube\Repository\STM32Cube_FW_F1_V1.3.0\Middlewares\Third_Party\FatFs\src\ff.c 0x00000000   Number         0  ff.o ABSOLUTE
    C:\Users\Admin\STM32Cube\Repository\STM32Cube_FW_F1_V1.3.0\Middlewares\Third_Party\FatFs\src\ff_gen_drv.c 0x00000000   Number         0  ff_gen_drv.o ABSOLUTE
    C:\Users\Admin\STM32Cube\Repository\STM32Cube_FW_F1_V1.3.0\Middlewares\Third_Party\FatFs\src\option\ccsbcs.c 0x00000000   Number         0  ccsbcs.o ABSOLUTE
    C:\Users\Admin\STM32Cube\Repository\STM32Cube_FW_F1_V1.3.0\Middlewares\Third_Party\FatFs\src\option\syscall.c 0x00000000   Number         0  syscall.o ABSOLUTE
    dc.s                                     0x00000000   Number         0  dc.o ABSOLUTE
    handlers.s                               0x00000000   Number         0  handlers.o ABSOLUTE
    init.s                                   0x00000000   Number         0  init.o ABSOLUTE
    startup_stm32f103xe.s                    0x00000000   Number         0  startup_stm32f103xe.o ABSOLUTE
    RESET                                    0x08000000   Section      304  startup_stm32f103xe.o(RESET)
    .ARM.Collect$$$$00000000                 0x08000130   Section        0  entry.o(.ARM.Collect$$$$00000000)
    .ARM.Collect$$$$00000001                 0x08000130   Section        4  entry2.o(.ARM.Collect$$$$00000001)
    .ARM.Collect$$$$00000004                 0x08000134   Section        4  entry5.o(.ARM.Collect$$$$00000004)
    .ARM.Collect$$$$00000008                 0x08000138   Section        0  entry7b.o(.ARM.Collect$$$$00000008)
    .ARM.Collect$$$$0000000A                 0x08000138   Section        0  entry8b.o(.ARM.Collect$$$$0000000A)
    .ARM.Collect$$$$0000000B                 0x08000138   Section        8  entry9a.o(.ARM.Collect$$$$0000000B)
    .ARM.Collect$$$$0000000D                 0x08000140   Section        0  entry10a.o(.ARM.Collect$$$$0000000D)
    .ARM.Collect$$$$0000000F                 0x08000140   Section        0  entry11a.o(.ARM.Collect$$$$0000000F)
    .ARM.Collect$$$$00002712                 0x08000140   Section        4  entry2.o(.ARM.Collect$$$$00002712)
    __lit__00000000                          0x08000140   Data           4  entry2.o(.ARM.Collect$$$$00002712)
    .text                                    0x08000144   Section       36  startup_stm32f103xe.o(.text)
    .text                                    0x08000168   Section       36  init.o(.text)
    i.BusFault_Handler                       0x0800018c   Section        0  stm32f1xx_it.o(i.BusFault_Handler)
    i.DebugMon_Handler                       0x0800018e   Section        0  stm32f1xx_it.o(i.DebugMon_Handler)
    i.FATFS_LinkDriver                       0x08000190   Section        0  ff_gen_drv.o(i.FATFS_LinkDriver)
    i.FATFS_LinkDriverEx                     0x08000198   Section        0  ff_gen_drv.o(i.FATFS_LinkDriverEx)
    i.HAL_Delay                              0x080001d8   Section        0  stm32f1xx_hal.o(i.HAL_Delay)
    i.HAL_GPIO_Init                          0x080001f0   Section        0  stm32f1xx_hal_gpio.o(i.HAL_GPIO_Init)
    i.HAL_GPIO_WritePin                      0x080003d8   Section        0  stm32f1xx_hal_gpio.o(i.HAL_GPIO_WritePin)
    i.HAL_GetTick                            0x080003e4   Section        0  stm32f1xx_hal.o(i.HAL_GetTick)
    i.HAL_IncTick                            0x080003f0   Section        0  stm32f1xx_hal.o(i.HAL_IncTick)
    i.HAL_Init                               0x08000400   Section        0  stm32f1xx_hal.o(i.HAL_Init)
    i.HAL_InitTick                           0x08000424   Section        0  stm32f1xx_hal.o(i.HAL_InitTick)
    i.HAL_MspInit                            0x08000448   Section        0  stm32f1xx_hal_msp.o(i.HAL_MspInit)
    i.HAL_NVIC_EnableIRQ                     0x080004a4   Section        0  stm32f1xx_hal_cortex.o(i.HAL_NVIC_EnableIRQ)
    i.HAL_NVIC_SetPriority                   0x080004bc   Section        0  stm32f1xx_hal_cortex.o(i.HAL_NVIC_SetPriority)
    i.HAL_NVIC_SetPriorityGrouping           0x080004fc   Section        0  stm32f1xx_hal_cortex.o(i.HAL_NVIC_SetPriorityGrouping)
    i.HAL_RCC_ClockConfig                    0x08000520   Section        0  stm32f1xx_hal_rcc.o(i.HAL_RCC_ClockConfig)
    i.HAL_RCC_GetHCLKFreq                    0x080007a8   Section        0  stm32f1xx_hal_rcc.o(i.HAL_RCC_GetHCLKFreq)
    i.HAL_RCC_GetPCLK1Freq                   0x080007dc   Section        0  stm32f1xx_hal_rcc.o(i.HAL_RCC_GetPCLK1Freq)
    i.HAL_RCC_GetPCLK2Freq                   0x08000808   Section        0  stm32f1xx_hal_rcc.o(i.HAL_RCC_GetPCLK2Freq)
    i.HAL_RCC_GetSysClockFreq                0x08000834   Section        0  stm32f1xx_hal_rcc.o(i.HAL_RCC_GetSysClockFreq)
    i.HAL_RCC_OscConfig                      0x080008bc   Section        0  stm32f1xx_hal_rcc.o(i.HAL_RCC_OscConfig)
    i.HAL_SPI_Init                           0x08000ef0   Section        0  stm32f1xx_hal_spi_ex.o(i.HAL_SPI_Init)
    i.HAL_SPI_MspInit                        0x08000f78   Section        0  stm32f1xx_hal_msp.o(i.HAL_SPI_MspInit)
    i.HAL_SPI_TransmitReceive                0x08000fd4   Section        0  stm32f1xx_hal_spi.o(i.HAL_SPI_TransmitReceive)
    i.HAL_SYSTICK_CLKSourceConfig            0x08001286   Section        0  stm32f1xx_hal_cortex.o(i.HAL_SYSTICK_CLKSourceConfig)
    i.HAL_SYSTICK_Callback                   0x0800129e   Section        0  stm32f1xx_hal_cortex.o(i.HAL_SYSTICK_Callback)
    i.HAL_SYSTICK_Config                     0x080012a0   Section        0  stm32f1xx_hal_cortex.o(i.HAL_SYSTICK_Config)
    i.HAL_SYSTICK_IRQHandler                 0x080012c8   Section        0  stm32f1xx_hal_cortex.o(i.HAL_SYSTICK_IRQHandler)
    i.HAL_TIMEx_BreakCallback                0x080012d0   Section        0  stm32f1xx_hal_tim_ex.o(i.HAL_TIMEx_BreakCallback)
    i.HAL_TIMEx_CommutationCallback          0x080012d2   Section        0  stm32f1xx_hal_tim_ex.o(i.HAL_TIMEx_CommutationCallback)
    i.HAL_TIMEx_MasterConfigSynchronization  0x080012d4   Section        0  stm32f1xx_hal_tim_ex.o(i.HAL_TIMEx_MasterConfigSynchronization)
    i.HAL_TIM_Base_Init                      0x08001324   Section        0  stm32f1xx_hal_tim.o(i.HAL_TIM_Base_Init)
    i.HAL_TIM_Base_MspInit                   0x0800135c   Section        0  stm32f1xx_hal_msp.o(i.HAL_TIM_Base_MspInit)
    i.HAL_TIM_Base_Start_IT                  0x08001394   Section        0  stm32f1xx_hal_tim.o(i.HAL_TIM_Base_Start_IT)
    i.HAL_TIM_ConfigClockSource              0x080013ac   Section        0  stm32f1xx_hal_tim.o(i.HAL_TIM_ConfigClockSource)
    i.HAL_TIM_IC_CaptureCallback             0x0800149e   Section        0  stm32f1xx_hal_tim.o(i.HAL_TIM_IC_CaptureCallback)
    i.HAL_TIM_IRQHandler                     0x080014a0   Section        0  stm32f1xx_hal_tim.o(i.HAL_TIM_IRQHandler)
    i.HAL_TIM_OC_DelayElapsedCallback        0x08001606   Section        0  stm32f1xx_hal_tim.o(i.HAL_TIM_OC_DelayElapsedCallback)
    i.HAL_TIM_PWM_PulseFinishedCallback      0x08001608   Section        0  stm32f1xx_hal_tim.o(i.HAL_TIM_PWM_PulseFinishedCallback)
    i.HAL_TIM_PeriodElapsedCallback          0x0800160c   Section        0  main.o(i.HAL_TIM_PeriodElapsedCallback)
    i.HAL_TIM_TriggerCallback                0x0800162c   Section        0  stm32f1xx_hal_tim.o(i.HAL_TIM_TriggerCallback)
    i.HAL_UART_ErrorCallback                 0x0800162e   Section        0  stm32f1xx_hal_uart.o(i.HAL_UART_ErrorCallback)
    i.HAL_UART_IRQHandler                    0x08001630   Section        0  stm32f1xx_hal_uart.o(i.HAL_UART_IRQHandler)
    i.HAL_UART_Init                          0x0800170a   Section        0  stm32f1xx_hal_uart.o(i.HAL_UART_Init)
    i.HAL_UART_MspInit                       0x08001768   Section        0  stm32f1xx_hal_msp.o(i.HAL_UART_MspInit)
    i.HAL_UART_Receive_IT                    0x080017d0   Section        0  stm32f1xx_hal_uart.o(i.HAL_UART_Receive_IT)
    i.HAL_UART_RxCpltCallback                0x0800183c   Section        0  main.o(i.HAL_UART_RxCpltCallback)
    i.HAL_UART_Transmit_IT                   0x08001898   Section        0  stm32f1xx_hal_uart.o(i.HAL_UART_Transmit_IT)
    i.HAL_UART_TxCpltCallback                0x080018ee   Section        0  stm32f1xx_hal_uart.o(i.HAL_UART_TxCpltCallback)
    i.HardFault_Handler                      0x080018f0   Section        0  stm32f1xx_it.o(i.HardFault_Handler)
    i.MX_FATFS_Init                          0x080018f4   Section        0  fatfs.o(i.MX_FATFS_Init)
    i.MX_GPIO_Init                           0x08001910   Section        0  main.o(i.MX_GPIO_Init)
    MX_GPIO_Init                             0x08001911   Thumb Code   126  main.o(i.MX_GPIO_Init)
    i.MX_SPI2_Init                           0x0800199c   Section        0  main.o(i.MX_SPI2_Init)
    MX_SPI2_Init                             0x0800199d   Thumb Code    46  main.o(i.MX_SPI2_Init)
    i.MemManage_Handler                      0x080019d4   Section        0  stm32f1xx_it.o(i.MemManage_Handler)
    i.NMI_Handler                            0x080019d6   Section        0  stm32f1xx_it.o(i.NMI_Handler)
    i.NVIC_SetPriority                       0x080019d8   Section        0  stm32f1xx_hal_cortex.o(i.NVIC_SetPriority)
    NVIC_SetPriority                         0x080019d9   Thumb Code    32  stm32f1xx_hal_cortex.o(i.NVIC_SetPriority)
    i.Read_SDcard                            0x080019f8   Section        0  main.o(i.Read_SDcard)
    i.SD_PowerOn                             0x08001a48   Section        0  sd.o(i.SD_PowerOn)
    i.SD_Read_Block                          0x08001a5c   Section        0  sd.o(i.SD_Read_Block)
    i.SD_Write_Block                         0x08001ab2   Section        0  sd.o(i.SD_Write_Block)
    i.SD_cmd                                 0x08001b18   Section        0  sd.o(i.SD_cmd)
    SD_cmd                                   0x08001b19   Thumb Code   144  sd.o(i.SD_cmd)
    i.SPI_ReceiveByte                        0x08001bac   Section        0  sd.o(i.SPI_ReceiveByte)
    i.SPI_Release                            0x08001bb2   Section        0  sd.o(i.SPI_Release)
    i.SPI_WaitOnFlagUntilTimeout             0x08001bb8   Section        0  stm32f1xx_hal_spi.o(i.SPI_WaitOnFlagUntilTimeout)
    SPI_WaitOnFlagUntilTimeout               0x08001bb9   Thumb Code   158  stm32f1xx_hal_spi.o(i.SPI_WaitOnFlagUntilTimeout)
    i.SPI_wait_ready                         0x08001c56   Section        0  sd.o(i.SPI_wait_ready)
    i.SPIx_WriteRead                         0x08001c78   Section        0  sd.o(i.SPIx_WriteRead)
    i.SysTick_Handler                        0x08001cb0   Section        0  stm32f1xx_it.o(i.SysTick_Handler)
    i.SystemClock_Config                     0x08001cbe   Section        0  main.o(i.SystemClock_Config)
    i.SystemInit                             0x08001d1c   Section        0  system_stm32f1xx.o(i.SystemInit)
    i.TIM2_IRQHandler                        0x08001d64   Section        0  stm32f1xx_it.o(i.TIM2_IRQHandler)
    i.TIM_Base_SetConfig                     0x08001d70   Section        0  stm32f1xx_hal_tim.o(i.TIM_Base_SetConfig)
    i.TIM_ETR_SetConfig                      0x08001df4   Section        0  stm32f1xx_hal_tim.o(i.TIM_ETR_SetConfig)
    TIM_ETR_SetConfig                        0x08001df5   Thumb Code    20  stm32f1xx_hal_tim.o(i.TIM_ETR_SetConfig)
    i.TIM_ITRx_SetConfig                     0x08001e08   Section        0  stm32f1xx_hal_tim.o(i.TIM_ITRx_SetConfig)
    TIM_ITRx_SetConfig                       0x08001e09   Thumb Code    16  stm32f1xx_hal_tim.o(i.TIM_ITRx_SetConfig)
    i.TIM_TI1_ConfigInputStage               0x08001e18   Section        0  stm32f1xx_hal_tim.o(i.TIM_TI1_ConfigInputStage)
    TIM_TI1_ConfigInputStage                 0x08001e19   Thumb Code    34  stm32f1xx_hal_tim.o(i.TIM_TI1_ConfigInputStage)
    i.TIM_TI2_ConfigInputStage               0x08001e3a   Section        0  stm32f1xx_hal_tim.o(i.TIM_TI2_ConfigInputStage)
    TIM_TI2_ConfigInputStage                 0x08001e3b   Thumb Code    36  stm32f1xx_hal_tim.o(i.TIM_TI2_ConfigInputStage)
    i.UART_Receive_IT                        0x08001e60   Section        0  stm32f1xx_hal_uart.o(i.UART_Receive_IT)
    UART_Receive_IT                          0x08001e61   Thumb Code   168  stm32f1xx_hal_uart.o(i.UART_Receive_IT)
    i.UART_SetConfig                         0x08001f08   Section        0  stm32f1xx_hal_uart.o(i.UART_SetConfig)
    UART_SetConfig                           0x08001f09   Thumb Code   220  stm32f1xx_hal_uart.o(i.UART_SetConfig)
    i.UART_Transmit_IT                       0x08001fe8   Section        0  stm32f1xx_hal_uart.o(i.UART_Transmit_IT)
    UART_Transmit_IT                         0x08001fe9   Thumb Code   102  stm32f1xx_hal_uart.o(i.UART_Transmit_IT)
    i.USART1_IRQHandler                      0x08002050   Section        0  stm32f1xx_it.o(i.USART1_IRQHandler)
    i.USER_initialize                        0x0800205c   Section        0  user_diskio.o(i.USER_initialize)
    i.USER_ioctl                             0x08002078   Section        0  user_diskio.o(i.USER_ioctl)
    i.USER_read                              0x080020c8   Section        0  user_diskio.o(i.USER_read)
    i.USER_status                            0x08002110   Section        0  user_diskio.o(i.USER_status)
    i.USER_write                             0x08002128   Section        0  user_diskio.o(i.USER_write)
    i.UsageFault_Handler                     0x08002178   Section        0  stm32f1xx_it.o(i.UsageFault_Handler)
    i.Write                                  0x0800217c   Section        0  main.o(i.Write)
    i.__scatterload_copy                     0x080021b8   Section       14  handlers.o(i.__scatterload_copy)
    i.__scatterload_null                     0x080021c6   Section        2  handlers.o(i.__scatterload_null)
    i.__scatterload_zeroinit                 0x080021c8   Section       14  handlers.o(i.__scatterload_zeroinit)
    i.check_fs                               0x080021d8   Section        0  ff.o(i.check_fs)
    check_fs                                 0x080021d9   Thumb Code    90  ff.o(i.check_fs)
    i.chk_chr                                0x08002238   Section        0  ff.o(i.chk_chr)
    chk_chr                                  0x08002239   Thumb Code    16  ff.o(i.chk_chr)
    i.chk_lock                               0x08002248   Section        0  ff.o(i.chk_lock)
    chk_lock                                 0x08002249   Thumb Code   100  ff.o(i.chk_lock)
    i.clear_lock                             0x080022b0   Section        0  ff.o(i.clear_lock)
    clear_lock                               0x080022b1   Thumb Code    32  ff.o(i.clear_lock)
    i.clmt_clust                             0x080022d4   Section        0  ff.o(i.clmt_clust)
    clmt_clust                               0x080022d5   Thumb Code    46  ff.o(i.clmt_clust)
    i.clust2sect                             0x08002302   Section        0  ff.o(i.clust2sect)
    i.create_chain                           0x0800231e   Section        0  ff.o(i.create_chain)
    create_chain                             0x0800231f   Thumb Code   164  ff.o(i.create_chain)
    i.create_name                            0x080023c4   Section        0  ff.o(i.create_name)
    create_name                              0x080023c5   Thumb Code   492  ff.o(i.create_name)
    i.dec_lock                               0x080025c8   Section        0  ff.o(i.dec_lock)
    dec_lock                                 0x080025c9   Thumb Code    54  ff.o(i.dec_lock)
    i.dir_find                               0x08002604   Section        0  ff.o(i.dir_find)
    dir_find                                 0x08002605   Thumb Code   314  ff.o(i.dir_find)
    i.dir_next                               0x08002744   Section        0  ff.o(i.dir_next)
    dir_next                                 0x08002745   Thumb Code   284  ff.o(i.dir_next)
    i.dir_register                           0x08002860   Section        0  ff.o(i.dir_register)
    dir_register                             0x08002861   Thumb Code   444  ff.o(i.dir_register)
    i.dir_sdi                                0x08002a20   Section        0  ff.o(i.dir_sdi)
    dir_sdi                                  0x08002a21   Thumb Code   154  ff.o(i.dir_sdi)
    i.disk_initialize                        0x08002abc   Section        0  diskio.o(i.disk_initialize)
    i.disk_ioctl                             0x08002ae4   Section        0  diskio.o(i.disk_ioctl)
    i.disk_read                              0x08002b00   Section        0  diskio.o(i.disk_read)
    i.disk_status                            0x08002b1c   Section        0  diskio.o(i.disk_status)
    i.disk_write                             0x08002b34   Section        0  diskio.o(i.disk_write)
    i.f_close                                0x08002b50   Section        0  ff.o(i.f_close)
    i.f_lseek                                0x08002b7a   Section        0  ff.o(i.f_lseek)
    i.f_mount                                0x08002de0   Section        0  ff.o(i.f_mount)
    i.f_open                                 0x08002e40   Section        0  ff.o(i.f_open)
    i.f_printf                               0x08003030   Section        0  ff.o(i.f_printf)
    i.f_read                                 0x0800321a   Section        0  ff.o(i.f_read)
    i.f_sync                                 0x080033a8   Section        0  ff.o(i.f_sync)
    i.f_write                                0x0800344a   Section        0  ff.o(i.f_write)
    i.ff_convert                             0x08003610   Section        0  ccsbcs.o(i.ff_convert)
    i.ff_wtoupper                            0x08003648   Section        0  ccsbcs.o(i.ff_wtoupper)
    i.find_volume                            0x0800366c   Section        0  ff.o(i.find_volume)
    find_volume                              0x0800366d   Thumb Code   606  ff.o(i.find_volume)
    i.follow_path                            0x080038d8   Section        0  ff.o(i.follow_path)
    follow_path                              0x080038d9   Thumb Code   106  ff.o(i.follow_path)
    i.gen_numname                            0x08003944   Section        0  ff.o(i.gen_numname)
    gen_numname                              0x08003945   Thumb Code   122  ff.o(i.gen_numname)
    i.get_fat                                0x080039c4   Section        0  ff.o(i.get_fat)
    i.get_fattime                            0x08003aaa   Section        0  fatfs.o(i.get_fattime)
    i.get_ldnumber                           0x08003aae   Section        0  ff.o(i.get_ldnumber)
    get_ldnumber                             0x08003aaf   Thumb Code    60  ff.o(i.get_ldnumber)
    i.inc_lock                               0x08003aec   Section        0  ff.o(i.inc_lock)
    inc_lock                                 0x08003aed   Thumb Code   146  ff.o(i.inc_lock)
    i.ld_clust                               0x08003b84   Section        0  ff.o(i.ld_clust)
    ld_clust                                 0x08003b85   Thumb Code    22  ff.o(i.ld_clust)
    i.main                                   0x08003b9c   Section        0  main.o(i.main)
    i.mem_cpy                                0x08003c88   Section        0  ff.o(i.mem_cpy)
    mem_cpy                                  0x08003c89   Thumb Code    18  ff.o(i.mem_cpy)
    i.mem_set                                0x08003c9a   Section        0  ff.o(i.mem_set)
    mem_set                                  0x08003c9b   Thumb Code    14  ff.o(i.mem_set)
    i.move_window                            0x08003ca8   Section        0  ff.o(i.move_window)
    move_window                              0x08003ca9   Thumb Code    56  ff.o(i.move_window)
    i.put_fat                                0x08003ce0   Section        0  ff.o(i.put_fat)
    i.putc_bfd                               0x08003dfe   Section        0  ff.o(i.putc_bfd)
    putc_bfd                                 0x08003dff   Thumb Code    70  ff.o(i.putc_bfd)
    i.remove_chain                           0x08003e44   Section        0  ff.o(i.remove_chain)
    remove_chain                             0x08003e45   Thumb Code   102  ff.o(i.remove_chain)
    i.sd_ini                                 0x08003eac   Section        0  sd.o(i.sd_ini)
    i.st_clust                               0x08003ff4   Section        0  ff.o(i.st_clust)
    st_clust                                 0x08003ff5   Thumb Code    16  ff.o(i.st_clust)
    i.sum_sfn                                0x08004004   Section        0  ff.o(i.sum_sfn)
    sum_sfn                                  0x08004005   Thumb Code    26  ff.o(i.sum_sfn)
    i.sync_fs                                0x0800401e   Section        0  ff.o(i.sync_fs)
    sync_fs                                  0x0800401f   Thumb Code   168  ff.o(i.sync_fs)
    i.sync_window                            0x080040c6   Section        0  ff.o(i.sync_window)
    sync_window                              0x080040c7   Thumb Code    82  ff.o(i.sync_window)
    i.validate                               0x08004118   Section        0  ff.o(i.validate)
    validate                                 0x08004119   Thumb Code    42  ff.o(i.validate)
    .constdata                               0x08004142   Section      186  ff.o(.constdata)
    ExCvt                                    0x08004142   Data         128  ff.o(.constdata)
    LfnOfs                                   0x080041c2   Data          13  ff.o(.constdata)
    vst                                      0x080041d0   Data          22  ff.o(.constdata)
    cst                                      0x080041e6   Data          22  ff.o(.constdata)
    .constdata                               0x080041fc   Section     1216  ccsbcs.o(.constdata)
    Tbl                                      0x080041fc   Data         256  ccsbcs.o(.constdata)
    tbl_lower                                0x080042fc   Data         480  ccsbcs.o(.constdata)
    tbl_upper                                0x080044dc   Data         480  ccsbcs.o(.constdata)
    .constdata                               0x080046bc   Section       16  stm32f1xx_hal_rcc.o(.constdata)
    .conststring                             0x080046cc   Section        9  main.o(.conststring)
    .data                                    0x20000000   Section       16  main.o(.data)
    .data                                    0x20000010   Section        1  user_diskio.o(.data)
    Stat                                     0x20000010   Data           1  user_diskio.o(.data)
    .data                                    0x20000014   Section       20  user_diskio.o(.data)
    .data                                    0x20000028   Section        5  fatfs.o(.data)
    .data                                    0x2000002d   Section        1  sd.o(.data)
    .data                                    0x20000030   Section        8  ff.o(.data)
    Fsid                                     0x20000030   Data           2  ff.o(.data)
    FatFs                                    0x20000034   Data           4  ff.o(.data)
    .data                                    0x20000038   Section        1  stm32f1xx_hal_spi_ex.o(.data)
    .data                                    0x2000003c   Section        4  stm32f1xx_hal.o(.data)
    uwTick                                   0x2000003c   Data           4  stm32f1xx_hal.o(.data)
    .data                                    0x20000040   Section        4  system_stm32f1xx.o(.data)
    .bss                                     0x20000044   Section    10108  main.o(.bss)
    .bss                                     0x200027c0   Section      536  ff.o(.bss)
    Files                                    0x200027c0   Data          24  ff.o(.bss)
    LfnBuf                                   0x200027d8   Data         512  ff.o(.bss)
    .bss                                     0x200029d8   Section       12  ff_gen_drv.o(.bss)
    STACK                                    0x200029e8   Section     1024  startup_stm32f103xe.o(STACK)

    Global Symbols

    Symbol Name                              Value     Ov Type        Size  Object(Section)

    BuildAttributes$$THM_ISAv4$P$D$K$B$S$PE$A:L22UL41UL21$X:L11$S22US41US21$IEEE1$IW$USESV6$~STKCKD$USESV7$~SHL$OSPACE$EBA8$MICROLIB$REQ8$PRES8$EABIv2 0x00000000   Number         0  anon$$obj.o ABSOLUTE
    __ARM_use_no_argv                        0x00000000   Number         0  main.o ABSOLUTE
    __cpp_initialize__aeabi_                  - Undefined Weak Reference
    __cxa_finalize                            - Undefined Weak Reference
    __decompress                              - Undefined Weak Reference
    _clock_init                               - Undefined Weak Reference
    _microlib_exit                            - Undefined Weak Reference
    __Vectors_Size                           0x00000130   Number         0  startup_stm32f103xe.o ABSOLUTE
    __Vectors                                0x08000000   Data           4  startup_stm32f103xe.o(RESET)
    __Vectors_End                            0x08000130   Data           0  startup_stm32f103xe.o(RESET)
    __main                                   0x08000131   Thumb Code     0  entry.o(.ARM.Collect$$$$00000000)
    _main_stk                                0x08000131   Thumb Code     0  entry2.o(.ARM.Collect$$$$00000001)
    _main_scatterload                        0x08000135   Thumb Code     0  entry5.o(.ARM.Collect$$$$00000004)
    __main_after_scatterload                 0x08000139   Thumb Code     0  entry5.o(.ARM.Collect$$$$00000004)
    _main_clock                              0x08000139   Thumb Code     0  entry7b.o(.ARM.Collect$$$$00000008)
    _main_cpp_init                           0x08000139   Thumb Code     0  entry8b.o(.ARM.Collect$$$$0000000A)
    _main_init                               0x08000139   Thumb Code     0  entry9a.o(.ARM.Collect$$$$0000000B)
    __rt_final_cpp                           0x08000141   Thumb Code     0  entry10a.o(.ARM.Collect$$$$0000000D)
    __rt_final_exit                          0x08000141   Thumb Code     0  entry11a.o(.ARM.Collect$$$$0000000F)
    Reset_Handler                            0x08000145   Thumb Code     8  startup_stm32f103xe.o(.text)
    SVC_Handler                              0x08000157   Thumb Code     2  startup_stm32f103xe.o(.text)
    PendSV_Handler                           0x0800015b   Thumb Code     2  startup_stm32f103xe.o(.text)
    ADC1_2_IRQHandler                        0x0800015f   Thumb Code     0  startup_stm32f103xe.o(.text)
    ADC3_IRQHandler                          0x0800015f   Thumb Code     0  startup_stm32f103xe.o(.text)
    CAN1_RX1_IRQHandler                      0x0800015f   Thumb Code     0  startup_stm32f103xe.o(.text)
    CAN1_SCE_IRQHandler                      0x0800015f   Thumb Code     0  startup_stm32f103xe.o(.text)
    DMA1_Channel1_IRQHandler                 0x0800015f   Thumb Code     0  startup_stm32f103xe.o(.text)
    DMA1_Channel2_IRQHandler                 0x0800015f   Thumb Code     0  startup_stm32f103xe.o(.text)
    DMA1_Channel3_IRQHandler                 0x0800015f   Thumb Code     0  startup_stm32f103xe.o(.text)
    DMA1_Channel4_IRQHandler                 0x0800015f   Thumb Code     0  startup_stm32f103xe.o(.text)
    DMA1_Channel5_IRQHandler                 0x0800015f   Thumb Code     0  startup_stm32f103xe.o(.text)
    DMA1_Channel6_IRQHandler                 0x0800015f   Thumb Code     0  startup_stm32f103xe.o(.text)
    DMA1_Channel7_IRQHandler                 0x0800015f   Thumb Code     0  startup_stm32f103xe.o(.text)
    DMA2_Channel1_IRQHandler                 0x0800015f   Thumb Code     0  startup_stm32f103xe.o(.text)
    DMA2_Channel2_IRQHandler                 0x0800015f   Thumb Code     0  startup_stm32f103xe.o(.text)
    DMA2_Channel3_IRQHandler                 0x0800015f   Thumb Code     0  startup_stm32f103xe.o(.text)
    DMA2_Channel4_5_IRQHandler               0x0800015f   Thumb Code     0  startup_stm32f103xe.o(.text)
    EXTI0_IRQHandler                         0x0800015f   Thumb Code     0  startup_stm32f103xe.o(.text)
    EXTI15_10_IRQHandler                     0x0800015f   Thumb Code     0  startup_stm32f103xe.o(.text)
    EXTI1_IRQHandler                         0x0800015f   Thumb Code     0  startup_stm32f103xe.o(.text)
    EXTI2_IRQHandler                         0x0800015f   Thumb Code     0  startup_stm32f103xe.o(.text)
    EXTI3_IRQHandler                         0x0800015f   Thumb Code     0  startup_stm32f103xe.o(.text)
    EXTI4_IRQHandler                         0x0800015f   Thumb Code     0  startup_stm32f103xe.o(.text)
    EXTI9_5_IRQHandler                       0x0800015f   Thumb Code     0  startup_stm32f103xe.o(.text)
    FLASH_IRQHandler                         0x0800015f   Thumb Code     0  startup_stm32f103xe.o(.text)
    FSMC_IRQHandler                          0x0800015f   Thumb Code     0  startup_stm32f103xe.o(.text)
    I2C1_ER_IRQHandler                       0x0800015f   Thumb Code     0  startup_stm32f103xe.o(.text)
    I2C1_EV_IRQHandler                       0x0800015f   Thumb Code     0  startup_stm32f103xe.o(.text)
    I2C2_ER_IRQHandler                       0x0800015f   Thumb Code     0  startup_stm32f103xe.o(.text)
    I2C2_EV_IRQHandler                       0x0800015f   Thumb Code     0  startup_stm32f103xe.o(.text)
    PVD_IRQHandler                           0x0800015f   Thumb Code     0  startup_stm32f103xe.o(.text)
    RCC_IRQHandler                           0x0800015f   Thumb Code     0  startup_stm32f103xe.o(.text)
    RTC_Alarm_IRQHandler                     0x0800015f   Thumb Code     0  startup_stm32f103xe.o(.text)
    RTC_IRQHandler                           0x0800015f   Thumb Code     0  startup_stm32f103xe.o(.text)
    SDIO_IRQHandler                          0x0800015f   Thumb Code     0  startup_stm32f103xe.o(.text)
    SPI1_IRQHandler                          0x0800015f   Thumb Code     0  startup_stm32f103xe.o(.text)
    SPI2_IRQHandler                          0x0800015f   Thumb Code     0  startup_stm32f103xe.o(.text)
    SPI3_IRQHandler                          0x0800015f   Thumb Code     0  startup_stm32f103xe.o(.text)
    TAMPER_IRQHandler                        0x0800015f   Thumb Code     0  startup_stm32f103xe.o(.text)
    TIM1_BRK_IRQHandler                      0x0800015f   Thumb Code     0  startup_stm32f103xe.o(.text)
    TIM1_CC_IRQHandler                       0x0800015f   Thumb Code     0  startup_stm32f103xe.o(.text)
    TIM1_TRG_COM_IRQHandler                  0x0800015f   Thumb Code     0  startup_stm32f103xe.o(.text)
    TIM1_UP_IRQHandler                       0x0800015f   Thumb Code     0  startup_stm32f103xe.o(.text)
    TIM3_IRQHandler                          0x0800015f   Thumb Code     0  startup_stm32f103xe.o(.text)
    TIM4_IRQHandler                          0x0800015f   Thumb Code     0  startup_stm32f103xe.o(.text)
    TIM5_IRQHandler                          0x0800015f   Thumb Code     0  startup_stm32f103xe.o(.text)
    TIM6_IRQHandler                          0x0800015f   Thumb Code     0  startup_stm32f103xe.o(.text)
    TIM7_IRQHandler                          0x0800015f   Thumb Code     0  startup_stm32f103xe.o(.text)
    TIM8_BRK_IRQHandler                      0x0800015f   Thumb Code     0  startup_stm32f103xe.o(.text)
    TIM8_CC_IRQHandler                       0x0800015f   Thumb Code     0  startup_stm32f103xe.o(.text)
    TIM8_TRG_COM_IRQHandler                  0x0800015f   Thumb Code     0  startup_stm32f103xe.o(.text)
    TIM8_UP_IRQHandler                       0x0800015f   Thumb Code     0  startup_stm32f103xe.o(.text)
    UART4_IRQHandler                         0x0800015f   Thumb Code     0  startup_stm32f103xe.o(.text)
    UART5_IRQHandler                         0x0800015f   Thumb Code     0  startup_stm32f103xe.o(.text)
    USART2_IRQHandler                        0x0800015f   Thumb Code     0  startup_stm32f103xe.o(.text)
    USART3_IRQHandler                        0x0800015f   Thumb Code     0  startup_stm32f103xe.o(.text)
    USBWakeUp_IRQHandler                     0x0800015f   Thumb Code     0  startup_stm32f103xe.o(.text)
    USB_HP_CAN1_TX_IRQHandler                0x0800015f   Thumb Code     0  startup_stm32f103xe.o(.text)
    USB_LP_CAN1_RX0_IRQHandler               0x0800015f   Thumb Code     0  startup_stm32f103xe.o(.text)
    WWDG_IRQHandler                          0x0800015f   Thumb Code     0  startup_stm32f103xe.o(.text)
    __scatterload                            0x08000169   Thumb Code    28  init.o(.text)
    __scatterload_rt2                        0x08000169   Thumb Code     0  init.o(.text)
    BusFault_Handler                         0x0800018d   Thumb Code     2  stm32f1xx_it.o(i.BusFault_Handler)
    DebugMon_Handler                         0x0800018f   Thumb Code     2  stm32f1xx_it.o(i.DebugMon_Handler)
    FATFS_LinkDriver                         0x08000191   Thumb Code     6  ff_gen_drv.o(i.FATFS_LinkDriver)
    FATFS_LinkDriverEx                       0x08000199   Thumb Code    60  ff_gen_drv.o(i.FATFS_LinkDriverEx)
    HAL_Delay                                0x080001d9   Thumb Code    22  stm32f1xx_hal.o(i.HAL_Delay)
    HAL_GPIO_Init                            0x080001f1   Thumb Code   446  stm32f1xx_hal_gpio.o(i.HAL_GPIO_Init)
    HAL_GPIO_WritePin                        0x080003d9   Thumb Code    10  stm32f1xx_hal_gpio.o(i.HAL_GPIO_WritePin)
    HAL_GetTick                              0x080003e5   Thumb Code     6  stm32f1xx_hal.o(i.HAL_GetTick)
    HAL_IncTick                              0x080003f1   Thumb Code    10  stm32f1xx_hal.o(i.HAL_IncTick)
    HAL_Init                                 0x08000401   Thumb Code    32  stm32f1xx_hal.o(i.HAL_Init)
    HAL_InitTick                             0x08000425   Thumb Code    34  stm32f1xx_hal.o(i.HAL_InitTick)
    HAL_MspInit                              0x08000449   Thumb Code    86  stm32f1xx_hal_msp.o(i.HAL_MspInit)
    HAL_NVIC_EnableIRQ                       0x080004a5   Thumb Code    22  stm32f1xx_hal_cortex.o(i.HAL_NVIC_EnableIRQ)
    HAL_NVIC_SetPriority                     0x080004bd   Thumb Code    60  stm32f1xx_hal_cortex.o(i.HAL_NVIC_SetPriority)
    HAL_NVIC_SetPriorityGrouping             0x080004fd   Thumb Code    26  stm32f1xx_hal_cortex.o(i.HAL_NVIC_SetPriorityGrouping)
    HAL_RCC_ClockConfig                      0x08000521   Thumb Code   638  stm32f1xx_hal_rcc.o(i.HAL_RCC_ClockConfig)
    HAL_RCC_GetHCLKFreq                      0x080007a9   Thumb Code    38  stm32f1xx_hal_rcc.o(i.HAL_RCC_GetHCLKFreq)
    HAL_RCC_GetPCLK1Freq                     0x080007dd   Thumb Code    36  stm32f1xx_hal_rcc.o(i.HAL_RCC_GetPCLK1Freq)
    HAL_RCC_GetPCLK2Freq                     0x08000809   Thumb Code    36  stm32f1xx_hal_rcc.o(i.HAL_RCC_GetPCLK2Freq)
    HAL_RCC_GetSysClockFreq                  0x08000835   Thumb Code   102  stm32f1xx_hal_rcc.o(i.HAL_RCC_GetSysClockFreq)
    HAL_RCC_OscConfig                        0x080008bd   Thumb Code  1586  stm32f1xx_hal_rcc.o(i.HAL_RCC_OscConfig)
    HAL_SPI_Init                             0x08000ef1   Thumb Code   132  stm32f1xx_hal_spi_ex.o(i.HAL_SPI_Init)
    HAL_SPI_MspInit                          0x08000f79   Thumb Code    78  stm32f1xx_hal_msp.o(i.HAL_SPI_MspInit)
    HAL_SPI_TransmitReceive                  0x08000fd5   Thumb Code   690  stm32f1xx_hal_spi.o(i.HAL_SPI_TransmitReceive)
    HAL_SYSTICK_CLKSourceConfig              0x08001287   Thumb Code    24  stm32f1xx_hal_cortex.o(i.HAL_SYSTICK_CLKSourceConfig)
    HAL_SYSTICK_Callback                     0x0800129f   Thumb Code     2  stm32f1xx_hal_cortex.o(i.HAL_SYSTICK_Callback)
    HAL_SYSTICK_Config                       0x080012a1   Thumb Code    40  stm32f1xx_hal_cortex.o(i.HAL_SYSTICK_Config)
    HAL_SYSTICK_IRQHandler                   0x080012c9   Thumb Code     8  stm32f1xx_hal_cortex.o(i.HAL_SYSTICK_IRQHandler)
    HAL_TIMEx_BreakCallback                  0x080012d1   Thumb Code     2  stm32f1xx_hal_tim_ex.o(i.HAL_TIMEx_BreakCallback)
    HAL_TIMEx_CommutationCallback            0x080012d3   Thumb Code     2  stm32f1xx_hal_tim_ex.o(i.HAL_TIMEx_CommutationCallback)
    HAL_TIMEx_MasterConfigSynchronization    0x080012d5   Thumb Code    80  stm32f1xx_hal_tim_ex.o(i.HAL_TIMEx_MasterConfigSynchronization)
    HAL_TIM_Base_Init                        0x08001325   Thumb Code    54  stm32f1xx_hal_tim.o(i.HAL_TIM_Base_Init)
    HAL_TIM_Base_MspInit                     0x0800135d   Thumb Code    50  stm32f1xx_hal_msp.o(i.HAL_TIM_Base_MspInit)
    HAL_TIM_Base_Start_IT                    0x08001395   Thumb Code    24  stm32f1xx_hal_tim.o(i.HAL_TIM_Base_Start_IT)
    HAL_TIM_ConfigClockSource                0x080013ad   Thumb Code   242  stm32f1xx_hal_tim.o(i.HAL_TIM_ConfigClockSource)
    HAL_TIM_IC_CaptureCallback               0x0800149f   Thumb Code     2  stm32f1xx_hal_tim.o(i.HAL_TIM_IC_CaptureCallback)
    HAL_TIM_IRQHandler                       0x080014a1   Thumb Code   358  stm32f1xx_hal_tim.o(i.HAL_TIM_IRQHandler)
    HAL_TIM_OC_DelayElapsedCallback          0x08001607   Thumb Code     2  stm32f1xx_hal_tim.o(i.HAL_TIM_OC_DelayElapsedCallback)
    HAL_TIM_PWM_PulseFinishedCallback        0x08001609   Thumb Code     2  stm32f1xx_hal_tim.o(i.HAL_TIM_PWM_PulseFinishedCallback)
    HAL_TIM_PeriodElapsedCallback            0x0800160d   Thumb Code    22  main.o(i.HAL_TIM_PeriodElapsedCallback)
    HAL_TIM_TriggerCallback                  0x0800162d   Thumb Code     2  stm32f1xx_hal_tim.o(i.HAL_TIM_TriggerCallback)
    HAL_UART_ErrorCallback                   0x0800162f   Thumb Code     2  stm32f1xx_hal_uart.o(i.HAL_UART_ErrorCallback)
    HAL_UART_IRQHandler                      0x08001631   Thumb Code   218  stm32f1xx_hal_uart.o(i.HAL_UART_IRQHandler)
    HAL_UART_Init                            0x0800170b   Thumb Code    94  stm32f1xx_hal_uart.o(i.HAL_UART_Init)
    HAL_UART_MspInit                         0x08001769   Thumb Code    92  stm32f1xx_hal_msp.o(i.HAL_UART_MspInit)
    HAL_UART_Receive_IT                      0x080017d1   Thumb Code   106  stm32f1xx_hal_uart.o(i.HAL_UART_Receive_IT)
    HAL_UART_RxCpltCallback                  0x0800183d   Thumb Code    78  main.o(i.HAL_UART_RxCpltCallback)
    HAL_UART_Transmit_IT                     0x08001899   Thumb Code    86  stm32f1xx_hal_uart.o(i.HAL_UART_Transmit_IT)
    HAL_UART_TxCpltCallback                  0x080018ef   Thumb Code     2  stm32f1xx_hal_uart.o(i.HAL_UART_TxCpltCallback)
    HardFault_Handler                        0x080018f1   Thumb Code     2  stm32f1xx_it.o(i.HardFault_Handler)
    MX_FATFS_Init                            0x080018f5   Thumb Code    18  fatfs.o(i.MX_FATFS_Init)
    MemManage_Handler                        0x080019d5   Thumb Code     2  stm32f1xx_it.o(i.MemManage_Handler)
    NMI_Handler                              0x080019d7   Thumb Code     2  stm32f1xx_it.o(i.NMI_Handler)
    Read_SDcard                              0x080019f9   Thumb Code    58  main.o(i.Read_SDcard)
    SD_PowerOn                               0x08001a49   Thumb Code    14  sd.o(i.SD_PowerOn)
    SD_Read_Block                            0x08001a5d   Thumb Code    86  sd.o(i.SD_Read_Block)
    SD_Write_Block                           0x08001ab3   Thumb Code   100  sd.o(i.SD_Write_Block)
    SPI_ReceiveByte                          0x08001bad   Thumb Code     6  sd.o(i.SPI_ReceiveByte)
    SPI_Release                              0x08001bb3   Thumb Code     6  sd.o(i.SPI_Release)
    SPI_wait_ready                           0x08001c57   Thumb Code    32  sd.o(i.SPI_wait_ready)
    SPIx_WriteRead                           0x08001c79   Thumb Code    46  sd.o(i.SPIx_WriteRead)
    SysTick_Handler                          0x08001cb1   Thumb Code    14  stm32f1xx_it.o(i.SysTick_Handler)
    SystemClock_Config                       0x08001cbf   Thumb Code    92  main.o(i.SystemClock_Config)
    SystemInit                               0x08001d1d   Thumb Code    56  system_stm32f1xx.o(i.SystemInit)
    TIM2_IRQHandler                          0x08001d65   Thumb Code     6  stm32f1xx_it.o(i.TIM2_IRQHandler)
    TIM_Base_SetConfig                       0x08001d71   Thumb Code   112  stm32f1xx_hal_tim.o(i.TIM_Base_SetConfig)
    USART1_IRQHandler                        0x08002051   Thumb Code     6  stm32f1xx_it.o(i.USART1_IRQHandler)
    USER_initialize                          0x0800205d   Thumb Code    24  user_diskio.o(i.USER_initialize)
    USER_ioctl                               0x08002079   Thumb Code    72  user_diskio.o(i.USER_ioctl)
    USER_read                                0x080020c9   Thumb Code    62  user_diskio.o(i.USER_read)
    USER_status                              0x08002111   Thumb Code    18  user_diskio.o(i.USER_status)
    USER_write                               0x08002129   Thumb Code    72  user_diskio.o(i.USER_write)
    UsageFault_Handler                       0x08002179   Thumb Code     2  stm32f1xx_it.o(i.UsageFault_Handler)
    Write                                    0x0800217d   Thumb Code    46  main.o(i.Write)
    __scatterload_copy                       0x080021b9   Thumb Code    14  handlers.o(i.__scatterload_copy)
    __scatterload_null                       0x080021c7   Thumb Code     2  handlers.o(i.__scatterload_null)
    __scatterload_zeroinit                   0x080021c9   Thumb Code    14  handlers.o(i.__scatterload_zeroinit)
    clust2sect                               0x08002303   Thumb Code    28  ff.o(i.clust2sect)
    disk_initialize                          0x08002abd   Thumb Code    36  diskio.o(i.disk_initialize)
    disk_ioctl                               0x08002ae5   Thumb Code    24  diskio.o(i.disk_ioctl)
    disk_read                                0x08002b01   Thumb Code    24  diskio.o(i.disk_read)
    disk_status                              0x08002b1d   Thumb Code    18  diskio.o(i.disk_status)
    disk_write                               0x08002b35   Thumb Code    24  diskio.o(i.disk_write)
    f_close                                  0x08002b51   Thumb Code    42  ff.o(i.f_close)
    f_lseek                                  0x08002b7b   Thumb Code   614  ff.o(i.f_lseek)
    f_mount                                  0x08002de1   Thumb Code    92  ff.o(i.f_mount)
    f_open                                   0x08002e41   Thumb Code   492  ff.o(i.f_open)
    f_printf                                 0x08003031   Thumb Code   490  ff.o(i.f_printf)
    f_read                                   0x0800321b   Thumb Code   398  ff.o(i.f_read)
    f_sync                                   0x080033a9   Thumb Code   162  ff.o(i.f_sync)
    f_write                                  0x0800344b   Thumb Code   454  ff.o(i.f_write)
    ff_convert                               0x08003611   Thumb Code    52  ccsbcs.o(i.ff_convert)
    ff_wtoupper                              0x08003649   Thumb Code    28  ccsbcs.o(i.ff_wtoupper)
    get_fat                                  0x080039c5   Thumb Code   230  ff.o(i.get_fat)
    get_fattime                              0x08003aab   Thumb Code     4  fatfs.o(i.get_fattime)
    main                                     0x08003b9d   Thumb Code   214  main.o(i.main)
    put_fat                                  0x08003ce1   Thumb Code   286  ff.o(i.put_fat)
    sd_ini                                   0x08003ead   Thumb Code   310  sd.o(i.sd_ini)
    aAPBAHBPrescTable                        0x080046bc   Data          16  stm32f1xx_hal_rcc.o(.constdata)
    Region$$Table$$Base                      0x080046d8   Number         0  anon$$obj.o(Region$$Table)
    Region$$Table$$Limit                     0x080046f8   Number         0  anon$$obj.o(Region$$Table)
    res                                      0x20000000   Data           1  main.o(.data)
    count                                    0x20000001   Data           1  main.o(.data)
    Rx_indx                                  0x20000002   Data           1  main.o(.data)
    Rx_data                                  0x20000003   Data           1  main.o(.data)
    tam                                      0x20000004   Data           1  main.o(.data)
    Timer1                                   0x20000006   Data           2  main.o(.data)
    name1                                    0x20000008   Data           4  main.o(.data)
    bytesread                                0x2000000c   Data           4  main.o(.data)
    USER_Driver                              0x20000014   Data          20  user_diskio.o(.data)
    retUSER                                  0x20000028   Data           1  fatfs.o(.data)
    USER_Path                                0x20000029   Data           4  fatfs.o(.data)
    sdinfo                                   0x2000002d   Data           1  sd.o(.data)
    uCRCErrorWorkaroundCheck                 0x20000038   Data           1  stm32f1xx_hal_spi_ex.o(.data)
    SystemCoreClock                          0x20000040   Data           4  system_stm32f1xx.o(.data)
    hspi2                                    0x20000044   Data          88  main.o(.bss)
    htim2                                    0x2000009c   Data          60  main.o(.bss)
    huart1                                   0x200000d8   Data          64  main.o(.bss)
    sect                                     0x20000118   Data         512  main.o(.bss)
    SDFatFs                                  0x20000318   Data        4144  main.o(.bss)
    MyFile                                   0x20001348   Data        4140  main.o(.bss)
    a                                        0x20002374   Data        1000  main.o(.bss)
    Rx_Buffer                                0x2000275c   Data         100  main.o(.bss)
    disk                                     0x200029d8   Data          12  ff_gen_drv.o(.bss)
    __initial_sp                             0x20002de8   Data           0  startup_stm32f103xe.o(STACK)



==============================================================================

Memory Map of the image

  Image Entry point : 0x08000131

  Load Region LR_IROM1 (Base: 0x08000000, Size: 0x0000473c, Max: 0x00080000, ABSOLUTE)

    Execution Region ER_IROM1 (Base: 0x08000000, Size: 0x000046f8, Max: 0x00080000, ABSOLUTE)

    Base Addr    Size         Type   Attr      Idx    E Section Name        Object

    0x08000000   0x00000130   Data   RO            3    RESET               startup_stm32f103xe.o
    0x08000130   0x00000000   Code   RO         3348  * .ARM.Collect$$$$00000000  mc_w.l(entry.o)
    0x08000130   0x00000004   Code   RO         3353    .ARM.Collect$$$$00000001  mc_w.l(entry2.o)
    0x08000134   0x00000004   Code   RO         3356    .ARM.Collect$$$$00000004  mc_w.l(entry5.o)
    0x08000138   0x00000000   Code   RO         3358    .ARM.Collect$$$$00000008  mc_w.l(entry7b.o)
    0x08000138   0x00000000   Code   RO         3360    .ARM.Collect$$$$0000000A  mc_w.l(entry8b.o)
    0x08000138   0x00000008   Code   RO         3361    .ARM.Collect$$$$0000000B  mc_w.l(entry9a.o)
    0x08000140   0x00000000   Code   RO         3363    .ARM.Collect$$$$0000000D  mc_w.l(entry10a.o)
    0x08000140   0x00000000   Code   RO         3365    .ARM.Collect$$$$0000000F  mc_w.l(entry11a.o)
    0x08000140   0x00000004   Code   RO         3354    .ARM.Collect$$$$00002712  mc_w.l(entry2.o)
    0x08000144   0x00000024   Code   RO            4    .text               startup_stm32f103xe.o
    0x08000168   0x00000024   Code   RO         3367    .text               mc_w.l(init.o)
    0x0800018c   0x00000002   Code   RO           13    i.BusFault_Handler  stm32f1xx_it.o
    0x0800018e   0x00000002   Code   RO           14    i.DebugMon_Handler  stm32f1xx_it.o
    0x08000190   0x00000006   Code   RO          916    i.FATFS_LinkDriver  ff_gen_drv.o
    0x08000196   0x00000002   PAD
    0x08000198   0x00000040   Code   RO          917    i.FATFS_LinkDriverEx  ff_gen_drv.o
    0x080001d8   0x00000016   Code   RO         2921    i.HAL_Delay         stm32f1xx_hal.o
    0x080001ee   0x00000002   PAD
    0x080001f0   0x000001e8   Code   RO         1696    i.HAL_GPIO_Init     stm32f1xx_hal_gpio.o
    0x080003d8   0x0000000a   Code   RO         1700    i.HAL_GPIO_WritePin  stm32f1xx_hal_gpio.o
    0x080003e2   0x00000002   PAD
    0x080003e4   0x0000000c   Code   RO         2925    i.HAL_GetTick       stm32f1xx_hal.o
    0x080003f0   0x00000010   Code   RO         2926    i.HAL_IncTick       stm32f1xx_hal.o
    0x08000400   0x00000024   Code   RO         2927    i.HAL_Init          stm32f1xx_hal.o
    0x08000424   0x00000022   Code   RO         2928    i.HAL_InitTick      stm32f1xx_hal.o
    0x08000446   0x00000002   PAD
    0x08000448   0x0000005c   Code   RO          390    i.HAL_MspInit       stm32f1xx_hal_msp.o
    0x080004a4   0x00000016   Code   RO         2006    i.HAL_NVIC_EnableIRQ  stm32f1xx_hal_cortex.o
    0x080004ba   0x00000002   PAD
    0x080004bc   0x00000040   Code   RO         2012    i.HAL_NVIC_SetPriority  stm32f1xx_hal_cortex.o
    0x080004fc   0x00000024   Code   RO         2013    i.HAL_NVIC_SetPriorityGrouping  stm32f1xx_hal_cortex.o
    0x08000520   0x00000288   Code   RO         3085    i.HAL_RCC_ClockConfig  stm32f1xx_hal_rcc.o
    0x080007a8   0x00000034   Code   RO         3090    i.HAL_RCC_GetHCLKFreq  stm32f1xx_hal_rcc.o
    0x080007dc   0x0000002c   Code   RO         3092    i.HAL_RCC_GetPCLK1Freq  stm32f1xx_hal_rcc.o
    0x08000808   0x0000002c   Code   RO         3093    i.HAL_RCC_GetPCLK2Freq  stm32f1xx_hal_rcc.o
    0x08000834   0x00000088   Code   RO         3094    i.HAL_RCC_GetSysClockFreq  stm32f1xx_hal_rcc.o
    0x080008bc   0x00000632   Code   RO         3097    i.HAL_RCC_OscConfig  stm32f1xx_hal_rcc.o
    0x08000eee   0x00000002   PAD
    0x08000ef0   0x00000088   Code   RO         1423    i.HAL_SPI_Init      stm32f1xx_hal_spi_ex.o
    0x08000f78   0x0000005c   Code   RO          392    i.HAL_SPI_MspInit   stm32f1xx_hal_msp.o
    0x08000fd4   0x000002b2   Code   RO         1776    i.HAL_SPI_TransmitReceive  stm32f1xx_hal_spi.o
    0x08001286   0x00000018   Code   RO         2015    i.HAL_SYSTICK_CLKSourceConfig  stm32f1xx_hal_cortex.o
    0x0800129e   0x00000002   Code   RO         2016    i.HAL_SYSTICK_Callback  stm32f1xx_hal_cortex.o
    0x080012a0   0x00000028   Code   RO         2017    i.HAL_SYSTICK_Config  stm32f1xx_hal_cortex.o
    0x080012c8   0x00000008   Code   RO         2018    i.HAL_SYSTICK_IRQHandler  stm32f1xx_hal_cortex.o
    0x080012d0   0x00000002   Code   RO         1190    i.HAL_TIMEx_BreakCallback  stm32f1xx_hal_tim_ex.o
    0x080012d2   0x00000002   Code   RO         1191    i.HAL_TIMEx_CommutationCallback  stm32f1xx_hal_tim_ex.o
    0x080012d4   0x00000050   Code   RO         1207    i.HAL_TIMEx_MasterConfigSynchronization  stm32f1xx_hal_tim_ex.o
    0x08001324   0x00000036   Code   RO         2285    i.HAL_TIM_Base_Init  stm32f1xx_hal_tim.o
    0x0800135a   0x00000002   PAD
    0x0800135c   0x00000038   Code   RO          394    i.HAL_TIM_Base_MspInit  stm32f1xx_hal_msp.o
    0x08001394   0x00000018   Code   RO         2290    i.HAL_TIM_Base_Start_IT  stm32f1xx_hal_tim.o
    0x080013ac   0x000000f2   Code   RO         2294    i.HAL_TIM_ConfigClockSource  stm32f1xx_hal_tim.o
    0x0800149e   0x00000002   Code   RO         2314    i.HAL_TIM_IC_CaptureCallback  stm32f1xx_hal_tim.o
    0x080014a0   0x00000166   Code   RO         2327    i.HAL_TIM_IRQHandler  stm32f1xx_hal_tim.o
    0x08001606   0x00000002   Code   RO         2330    i.HAL_TIM_OC_DelayElapsedCallback  stm32f1xx_hal_tim.o
    0x08001608   0x00000002   Code   RO         2357    i.HAL_TIM_PWM_PulseFinishedCallback  stm32f1xx_hal_tim.o
    0x0800160a   0x00000002   PAD
    0x0800160c   0x00000020   Code   RO          175    i.HAL_TIM_PeriodElapsedCallback  main.o
    0x0800162c   0x00000002   Code   RO         2368    i.HAL_TIM_TriggerCallback  stm32f1xx_hal_tim.o
    0x0800162e   0x00000002   Code   RO         1468    i.HAL_UART_ErrorCallback  stm32f1xx_hal_uart.o
    0x08001630   0x000000da   Code   RO         1471    i.HAL_UART_IRQHandler  stm32f1xx_hal_uart.o
    0x0800170a   0x0000005e   Code   RO         1472    i.HAL_UART_Init     stm32f1xx_hal_uart.o
    0x08001768   0x00000068   Code   RO          396    i.HAL_UART_MspInit  stm32f1xx_hal_msp.o
    0x080017d0   0x0000006a   Code   RO         1477    i.HAL_UART_Receive_IT  stm32f1xx_hal_uart.o
    0x0800183a   0x00000002   PAD
    0x0800183c   0x0000005c   Code   RO          176    i.HAL_UART_RxCpltCallback  main.o
    0x08001898   0x00000056   Code   RO         1482    i.HAL_UART_Transmit_IT  stm32f1xx_hal_uart.o
    0x080018ee   0x00000002   Code   RO         1483    i.HAL_UART_TxCpltCallback  stm32f1xx_hal_uart.o
    0x080018f0   0x00000002   Code   RO           15    i.HardFault_Handler  stm32f1xx_it.o
    0x080018f2   0x00000002   PAD
    0x080018f4   0x0000001c   Code   RO          450    i.MX_FATFS_Init     fatfs.o
    0x08001910   0x0000008c   Code   RO          177    i.MX_GPIO_Init      main.o
    0x0800199c   0x00000038   Code   RO          178    i.MX_SPI2_Init      main.o
    0x080019d4   0x00000002   Code   RO           16    i.MemManage_Handler  stm32f1xx_it.o
    0x080019d6   0x00000002   Code   RO           17    i.NMI_Handler       stm32f1xx_it.o
    0x080019d8   0x00000020   Code   RO         2019    i.NVIC_SetPriority  stm32f1xx_hal_cortex.o
    0x080019f8   0x00000050   Code   RO          180    i.Read_SDcard       main.o
    0x08001a48   0x00000014   Code   RO          486    i.SD_PowerOn        sd.o
    0x08001a5c   0x00000056   Code   RO          487    i.SD_Read_Block     sd.o
    0x08001ab2   0x00000064   Code   RO          488    i.SD_Write_Block    sd.o
    0x08001b16   0x00000002   PAD
    0x08001b18   0x00000094   Code   RO          489    i.SD_cmd            sd.o
    0x08001bac   0x00000006   Code   RO          490    i.SPI_ReceiveByte   sd.o
    0x08001bb2   0x00000006   Code   RO          491    i.SPI_Release       sd.o
    0x08001bb8   0x0000009e   Code   RO         1798    i.SPI_WaitOnFlagUntilTimeout  stm32f1xx_hal_spi.o
    0x08001c56   0x00000020   Code   RO          493    i.SPI_wait_ready    sd.o
    0x08001c76   0x00000002   PAD
    0x08001c78   0x00000038   Code   RO          494    i.SPIx_WriteRead    sd.o
    0x08001cb0   0x0000000e   Code   RO           18    i.SysTick_Handler   stm32f1xx_it.o
    0x08001cbe   0x0000005c   Code   RO          181    i.SystemClock_Config  main.o
    0x08001d1a   0x00000002   PAD
    0x08001d1c   0x00000048   Code   RO         3315    i.SystemInit        system_stm32f1xx.o
    0x08001d64   0x0000000c   Code   RO           19    i.TIM2_IRQHandler   stm32f1xx_it.o
    0x08001d70   0x00000084   Code   RO         2369    i.TIM_Base_SetConfig  stm32f1xx_hal_tim.o
    0x08001df4   0x00000014   Code   RO         2376    i.TIM_ETR_SetConfig  stm32f1xx_hal_tim.o
    0x08001e08   0x00000010   Code   RO         2377    i.TIM_ITRx_SetConfig  stm32f1xx_hal_tim.o
    0x08001e18   0x00000022   Code   RO         2383    i.TIM_TI1_ConfigInputStage  stm32f1xx_hal_tim.o
    0x08001e3a   0x00000024   Code   RO         2385    i.TIM_TI2_ConfigInputStage  stm32f1xx_hal_tim.o
    0x08001e5e   0x00000002   PAD
    0x08001e60   0x000000a8   Code   RO         1490    i.UART_Receive_IT   stm32f1xx_hal_uart.o
    0x08001f08   0x000000e0   Code   RO         1491    i.UART_SetConfig    stm32f1xx_hal_uart.o
    0x08001fe8   0x00000066   Code   RO         1492    i.UART_Transmit_IT  stm32f1xx_hal_uart.o
    0x0800204e   0x00000002   PAD
    0x08002050   0x0000000c   Code   RO           20    i.USART1_IRQHandler  stm32f1xx_it.o
    0x0800205c   0x0000001c   Code   RO          324    i.USER_initialize   user_diskio.o
    0x08002078   0x00000050   Code   RO          325    i.USER_ioctl        user_diskio.o
    0x080020c8   0x00000048   Code   RO          326    i.USER_read         user_diskio.o
    0x08002110   0x00000018   Code   RO          327    i.USER_status       user_diskio.o
    0x08002128   0x00000050   Code   RO          328    i.USER_write        user_diskio.o
    0x08002178   0x00000002   Code   RO           21    i.UsageFault_Handler  stm32f1xx_it.o
    0x0800217a   0x00000002   PAD
    0x0800217c   0x0000003c   Code   RO          182    i.Write             main.o
    0x080021b8   0x0000000e   Code   RO         3371    i.__scatterload_copy  mc_w.l(handlers.o)
    0x080021c6   0x00000002   Code   RO         3372    i.__scatterload_null  mc_w.l(handlers.o)
    0x080021c8   0x0000000e   Code   RO         3373    i.__scatterload_zeroinit  mc_w.l(handlers.o)
    0x080021d6   0x00000002   PAD
    0x080021d8   0x00000060   Code   RO          566    i.check_fs          ff.o
    0x08002238   0x00000010   Code   RO          567    i.chk_chr           ff.o
    0x08002248   0x00000068   Code   RO          568    i.chk_lock          ff.o
    0x080022b0   0x00000024   Code   RO          569    i.clear_lock        ff.o
    0x080022d4   0x0000002e   Code   RO          570    i.clmt_clust        ff.o
    0x08002302   0x0000001c   Code   RO          571    i.clust2sect        ff.o
    0x0800231e   0x000000a4   Code   RO          572    i.create_chain      ff.o
    0x080023c2   0x00000002   PAD
    0x080023c4   0x00000204   Code   RO          573    i.create_name       ff.o
    0x080025c8   0x0000003c   Code   RO          574    i.dec_lock          ff.o
    0x08002604   0x00000140   Code   RO          575    i.dir_find          ff.o
    0x08002744   0x0000011c   Code   RO          576    i.dir_next          ff.o
    0x08002860   0x000001c0   Code   RO          578    i.dir_register      ff.o
    0x08002a20   0x0000009a   Code   RO          580    i.dir_sdi           ff.o
    0x08002aba   0x00000002   PAD
    0x08002abc   0x00000028   Code   RO          969    i.disk_initialize   diskio.o
    0x08002ae4   0x0000001c   Code   RO          970    i.disk_ioctl        diskio.o
    0x08002b00   0x0000001c   Code   RO          971    i.disk_read         diskio.o
    0x08002b1c   0x00000018   Code   RO          972    i.disk_status       diskio.o
    0x08002b34   0x0000001c   Code   RO          973    i.disk_write        diskio.o
    0x08002b50   0x0000002a   Code   RO          582    i.f_close           ff.o
    0x08002b7a   0x00000266   Code   RO          586    i.f_lseek           ff.o
    0x08002de0   0x00000060   Code   RO          589    i.f_mount           ff.o
    0x08002e40   0x000001f0   Code   RO          590    i.f_open            ff.o
    0x08003030   0x000001ea   Code   RO          592    i.f_printf          ff.o
    0x0800321a   0x0000018e   Code   RO          595    i.f_read            ff.o
    0x080033a8   0x000000a2   Code   RO          599    i.f_sync            ff.o
    0x0800344a   0x000001c6   Code   RO          603    i.f_write           ff.o
    0x08003610   0x00000038   Code   RO         1024    i.ff_convert        ccsbcs.o
    0x08003648   0x00000024   Code   RO         1025    i.ff_wtoupper       ccsbcs.o
    0x0800366c   0x0000026c   Code   RO          604    i.find_volume       ff.o
    0x080038d8   0x0000006a   Code   RO          605    i.follow_path       ff.o
    0x08003942   0x00000002   PAD
    0x08003944   0x00000080   Code   RO          606    i.gen_numname       ff.o
    0x080039c4   0x000000e6   Code   RO          607    i.get_fat           ff.o
    0x08003aaa   0x00000004   Code   RO          451    i.get_fattime       fatfs.o
    0x08003aae   0x0000003c   Code   RO          609    i.get_ldnumber      ff.o
    0x08003aea   0x00000002   PAD
    0x08003aec   0x00000098   Code   RO          610    i.inc_lock          ff.o
    0x08003b84   0x00000016   Code   RO          611    i.ld_clust          ff.o
    0x08003b9a   0x00000002   PAD
    0x08003b9c   0x000000ec   Code   RO          185    i.main              main.o
    0x08003c88   0x00000012   Code   RO          612    i.mem_cpy           ff.o
    0x08003c9a   0x0000000e   Code   RO          613    i.mem_set           ff.o
    0x08003ca8   0x00000038   Code   RO          614    i.move_window       ff.o
    0x08003ce0   0x0000011e   Code   RO          615    i.put_fat           ff.o
    0x08003dfe   0x00000046   Code   RO          616    i.putc_bfd          ff.o
    0x08003e44   0x00000066   Code   RO          617    i.remove_chain      ff.o
    0x08003eaa   0x00000002   PAD
    0x08003eac   0x00000148   Code   RO          495    i.sd_ini            sd.o
    0x08003ff4   0x00000010   Code   RO          618    i.st_clust          ff.o
    0x08004004   0x0000001a   Code   RO          619    i.sum_sfn           ff.o
    0x0800401e   0x000000a8   Code   RO          620    i.sync_fs           ff.o
    0x080040c6   0x00000052   Code   RO          621    i.sync_window       ff.o
    0x08004118   0x0000002a   Code   RO          622    i.validate          ff.o
    0x08004142   0x000000ba   Data   RO          624    .constdata          ff.o
    0x080041fc   0x000004c0   Data   RO         1026    .constdata          ccsbcs.o
    0x080046bc   0x00000010   Data   RO         3098    .constdata          stm32f1xx_hal_rcc.o
    0x080046cc   0x00000009   Data   RO          190    .conststring        main.o
    0x080046d5   0x00000003   PAD
    0x080046d8   0x00000020   Data   RO         3369    Region$$Table       anon$$obj.o


    Execution Region RW_IRAM1 (Base: 0x20000000, Size: 0x00002de8, Max: 0x00010000, ABSOLUTE)

    Base Addr    Size         Type   Attr      Idx    E Section Name        Object

    0x20000000   0x00000010   Data   RW          193    .data               main.o
    0x20000010   0x00000001   Data   RW          329    .data               user_diskio.o
    0x20000011   0x00000003   PAD
    0x20000014   0x00000014   Data   RW          330    .data               user_diskio.o
    0x20000028   0x00000005   Data   RW          452    .data               fatfs.o
    0x2000002d   0x00000001   Data   RW          496    .data               sd.o
    0x2000002e   0x00000002   PAD
    0x20000030   0x00000008   Data   RW          625    .data               ff.o
    0x20000038   0x00000001   Data   RW         1425    .data               stm32f1xx_hal_spi_ex.o
    0x20000039   0x00000003   PAD
    0x2000003c   0x00000004   Data   RW         2933    .data               stm32f1xx_hal.o
    0x20000040   0x00000004   Data   RW         3317    .data               system_stm32f1xx.o
    0x20000044   0x0000277c   Zero   RW          187    .bss                main.o
    0x200027c0   0x00000218   Zero   RW          623    .bss                ff.o
    0x200029d8   0x0000000c   Zero   RW          920    .bss                ff_gen_drv.o
    0x200029e4   0x00000004   PAD
    0x200029e8   0x00000400   Zero   RW            1    STACK               startup_stm32f103xe.o


==============================================================================

Image component sizes


      Code (inc. data)   RO Data    RW Data    ZI Data      Debug   Object Name

        92         12       1216          0          0       2755   ccsbcs.o
       148         22          0          0          0       3941   diskio.o
        32         10          0          5          0       1326   fatfs.o
      7222         88        186          8        536      49004   ff.o
        70          4          0          0         12       2487   ff_gen_drv.o
       788        106          9         16      10108      12214   main.o
       782         38          0          1          0       7204   sd.o
        36          8        304          0       1024        788   startup_stm32f103xe.o
       120         16          0          4          0       3958   stm32f1xx_hal.o
       228         14          0          0          0      28077   stm32f1xx_hal_cortex.o
       498         42          0          0          0       3268   stm32f1xx_hal_gpio.o
       344         38          0          0          0       2742   stm32f1xx_hal_msp.o
      2510         86         16          0          0       6584   stm32f1xx_hal_rcc.o
       848          0          0          0          0       3150   stm32f1xx_hal_spi.o
       136          4          0          1          0       1510   stm32f1xx_hal_spi_ex.o
       924         20          0          0          0      10219   stm32f1xx_hal_tim.o
        84          0          0          0          0       2590   stm32f1xx_hal_tim_ex.o
      1002          4          0          0          0       7534   stm32f1xx_hal_uart.o
        50         12          0          0          0     295713   stm32f1xx_it.o
        72         16          0          4          0       1485   system_stm32f1xx.o
       284         36          0         21          0       3841   user_diskio.o

    ----------------------------------------------------------------------
     16314        576       1766         68      11684     450390   Object Totals
         0          0         32          0          0          0   (incl. Generated)
        44          0          3          8          4          0   (incl. Padding)

    ----------------------------------------------------------------------

      Code (inc. data)   RO Data    RW Data    ZI Data      Debug   Library Member Name

         0          0          0          0          0          0   entry.o
         0          0          0          0          0          0   entry10a.o
         0          0          0          0          0          0   entry11a.o
         8          4          0          0          0          0   entry2.o
         4          0          0          0          0          0   entry5.o
         0          0          0          0          0          0   entry7b.o
         0          0          0          0          0          0   entry8b.o
         8          4          0          0          0          0   entry9a.o
        30          0          0          0          0          0   handlers.o
        36          8          0          0          0         68   init.o

    ----------------------------------------------------------------------
        88         16          0          0          0         68   Library Totals
         2          0          0          0          0          0   (incl. Padding)

    ----------------------------------------------------------------------

      Code (inc. data)   RO Data    RW Data    ZI Data      Debug   Library Name

        86         16          0          0          0         68   mc_w.l

    ----------------------------------------------------------------------
        88         16          0          0          0         68   Library Totals

    ----------------------------------------------------------------------

==============================================================================


      Code (inc. data)   RO Data    RW Data    ZI Data      Debug   

     16402        592       1766         68      11684     443902   Grand Totals
     16402        592       1766         68      11684     443902   ELF Image Totals
     16402        592       1766         68          0          0   ROM Totals

==============================================================================

    Total RO  Size (Code + RO Data)                18168 (  17.74kB)
    Total RW  Size (RW Data + ZI Data)             11752 (  11.48kB)
    Total ROM Size (Code + RO Data + RW Data)      18236 (  17.81kB)

==============================================================================

